Archive member included to satisfy reference by file (symbol)

C:/Users/Boutros/AppData/Roaming/xPacks/@xpack-dev-tools/arm-none-eabi-gcc/13.2.1-1.1.1/.content/bin/../lib/gcc/arm-none-eabi/13.2.1/thumb/v7e-m+fp/softfp\libgcc.a(_aeabi_uldivmod.o)
                              ./system/src/stm32f4-hal/stm32f4xx_hal_rcc.o (__aeabi_uldivmod)
C:/Users/Boutros/AppData/Roaming/xPacks/@xpack-dev-tools/arm-none-eabi-gcc/13.2.1-1.1.1/.content/bin/../lib/gcc/arm-none-eabi/13.2.1/thumb/v7e-m+fp/softfp\libgcc.a(_udivmoddi4.o)
                              C:/Users/Boutros/AppData/Roaming/xPacks/@xpack-dev-tools/arm-none-eabi-gcc/13.2.1-1.1.1/.content/bin/../lib/gcc/arm-none-eabi/13.2.1/thumb/v7e-m+fp/softfp\libgcc.a(_aeabi_uldivmod.o) (__udivmoddi4)
C:/Users/Boutros/AppData/Roaming/xPacks/@xpack-dev-tools/arm-none-eabi-gcc/13.2.1-1.1.1/.content/bin/../lib/gcc/arm-none-eabi/13.2.1/thumb/v7e-m+fp/softfp\libgcc.a(_dvmd_tls.o)
                              C:/Users/Boutros/AppData/Roaming/xPacks/@xpack-dev-tools/arm-none-eabi-gcc/13.2.1-1.1.1/.content/bin/../lib/gcc/arm-none-eabi/13.2.1/thumb/v7e-m+fp/softfp\libgcc.a(_aeabi_uldivmod.o) (__aeabi_ldiv0)
C:/Users/Boutros/AppData/Roaming/xPacks/@xpack-dev-tools/arm-none-eabi-gcc/13.2.1-1.1.1/.content/bin/../lib/gcc/arm-none-eabi/13.2.1/../../../../arm-none-eabi/lib/thumb/v7e-m+fp/softfp\libg_nano.a(libc_a-exit.o)
                              ./src/main.o (exit)
C:/Users/Boutros/AppData/Roaming/xPacks/@xpack-dev-tools/arm-none-eabi-gcc/13.2.1-1.1.1/.content/bin/../lib/gcc/arm-none-eabi/13.2.1/../../../../arm-none-eabi/lib/thumb/v7e-m+fp/softfp\libg_nano.a(libc_a-rand.o)
                              ./src/main.o (srand)
C:/Users/Boutros/AppData/Roaming/xPacks/@xpack-dev-tools/arm-none-eabi-gcc/13.2.1-1.1.1/.content/bin/../lib/gcc/arm-none-eabi/13.2.1/../../../../arm-none-eabi/lib/thumb/v7e-m+fp/softfp\libg_nano.a(libc_a-ctype_.o)
                              ./system/src/newlib/syscalls.o (_ctype_)
C:/Users/Boutros/AppData/Roaming/xPacks/@xpack-dev-tools/arm-none-eabi-gcc/13.2.1-1.1.1/.content/bin/../lib/gcc/arm-none-eabi/13.2.1/../../../../arm-none-eabi/lib/thumb/v7e-m+fp/softfp\libg_nano.a(libc_a-findfp.o)
                              C:/Users/Boutros/AppData/Roaming/xPacks/@xpack-dev-tools/arm-none-eabi-gcc/13.2.1-1.1.1/.content/bin/../lib/gcc/arm-none-eabi/13.2.1/../../../../arm-none-eabi/lib/thumb/v7e-m+fp/softfp\libg_nano.a(libc_a-exit.o) (__stdio_exit_handler)
C:/Users/Boutros/AppData/Roaming/xPacks/@xpack-dev-tools/arm-none-eabi-gcc/13.2.1-1.1.1/.content/bin/../lib/gcc/arm-none-eabi/13.2.1/../../../../arm-none-eabi/lib/thumb/v7e-m+fp/softfp\libg_nano.a(libc_a-fwalk.o)
                              C:/Users/Boutros/AppData/Roaming/xPacks/@xpack-dev-tools/arm-none-eabi-gcc/13.2.1-1.1.1/.content/bin/../lib/gcc/arm-none-eabi/13.2.1/../../../../arm-none-eabi/lib/thumb/v7e-m+fp/softfp\libg_nano.a(libc_a-findfp.o) (_fwalk_sglue)
C:/Users/Boutros/AppData/Roaming/xPacks/@xpack-dev-tools/arm-none-eabi-gcc/13.2.1-1.1.1/.content/bin/../lib/gcc/arm-none-eabi/13.2.1/../../../../arm-none-eabi/lib/thumb/v7e-m+fp/softfp\libg_nano.a(libc_a-printf.o)
                              ./src/main.o (printf)
C:/Users/Boutros/AppData/Roaming/xPacks/@xpack-dev-tools/arm-none-eabi-gcc/13.2.1-1.1.1/.content/bin/../lib/gcc/arm-none-eabi/13.2.1/../../../../arm-none-eabi/lib/thumb/v7e-m+fp/softfp\libg_nano.a(libc_a-puts.o)
                              ./src/main.o (puts)
C:/Users/Boutros/AppData/Roaming/xPacks/@xpack-dev-tools/arm-none-eabi-gcc/13.2.1-1.1.1/.content/bin/../lib/gcc/arm-none-eabi/13.2.1/../../../../arm-none-eabi/lib/thumb/v7e-m+fp/softfp\libg_nano.a(libc_a-snprintf.o)
                              ./src/main.o (snprintf)
C:/Users/Boutros/AppData/Roaming/xPacks/@xpack-dev-tools/arm-none-eabi-gcc/13.2.1-1.1.1/.content/bin/../lib/gcc/arm-none-eabi/13.2.1/../../../../arm-none-eabi/lib/thumb/v7e-m+fp/softfp\libg_nano.a(libc_a-stdio.o)
                              C:/Users/Boutros/AppData/Roaming/xPacks/@xpack-dev-tools/arm-none-eabi-gcc/13.2.1-1.1.1/.content/bin/../lib/gcc/arm-none-eabi/13.2.1/../../../../arm-none-eabi/lib/thumb/v7e-m+fp/softfp\libg_nano.a(libc_a-findfp.o) (__sread)
C:/Users/Boutros/AppData/Roaming/xPacks/@xpack-dev-tools/arm-none-eabi-gcc/13.2.1-1.1.1/.content/bin/../lib/gcc/arm-none-eabi/13.2.1/../../../../arm-none-eabi/lib/thumb/v7e-m+fp/softfp\libg_nano.a(libc_a-vsnprintf.o)
                              ./system/src/diag/trace.o (vsnprintf)
C:/Users/Boutros/AppData/Roaming/xPacks/@xpack-dev-tools/arm-none-eabi-gcc/13.2.1-1.1.1/.content/bin/../lib/gcc/arm-none-eabi/13.2.1/../../../../arm-none-eabi/lib/thumb/v7e-m+fp/softfp\libg_nano.a(libc_a-wbuf.o)
                              C:/Users/Boutros/AppData/Roaming/xPacks/@xpack-dev-tools/arm-none-eabi-gcc/13.2.1-1.1.1/.content/bin/../lib/gcc/arm-none-eabi/13.2.1/../../../../arm-none-eabi/lib/thumb/v7e-m+fp/softfp\libg_nano.a(libc_a-puts.o) (__swbuf_r)
[...]
Memory Configuration

Name             Origin             Length             Attributes
RAM              0x20000000         0x00020000         xrw
CCMRAM           0x10000000         0x00010000         xrw
FLASH            0x08000000         0x00100000         xr
FLASHB1          0x00000000         0x00000000         xr
EXTMEMB0         0x00000000         0x00000000         xr
EXTMEMB1         0x00000000         0x00000000         xr
EXTMEMB2         0x00000000         0x00000000         xr
EXTMEMB3         0x00000000         0x00000000         xr
MEMORY_ARRAY     0x20002000         0x00000020         xrw
*default*        0x00000000         0xffffffff

Linker script and memory map

LOAD ./system/src/stm32f4-hal/stm32f4xx_hal.o
LOAD ./system/src/stm32f4-hal/stm32f4xx_hal_cortex.o
LOAD ./system/src/stm32f4-hal/stm32f4xx_hal_flash.o
LOAD ./system/src/stm32f4-hal/stm32f4xx_hal_flash_ex.o
LOAD ./system/src/stm32f4-hal/stm32f4xx_hal_flash_ramfunc.o
LOAD ./system/src/stm32f4-hal/stm32f4xx_hal_gpio.o
LOAD ./system/src/stm32f4-hal/stm32f4xx_hal_iwdg.o
LOAD ./system/src/stm32f4-hal/stm32f4xx_hal_pwr.o
LOAD ./system/src/stm32f4-hal/stm32f4xx_hal_rcc.o
LOAD ./system/src/newlib/assert.o
LOAD ./system/src/newlib/cxx.o
LOAD ./system/src/newlib/exit.o
LOAD ./system/src/newlib/sbrk.o
LOAD ./system/src/newlib/startup.o
LOAD ./system/src/newlib/syscalls.o
LOAD ./system/src/diag/trace-impl.o
LOAD ./system/src/diag/trace.o
LOAD ./system/src/cortexm/exception-handlers.o
LOAD ./system/src/cortexm/initialize-hardware.o
LOAD ./system/src/cortexm/reset-hardware.o
LOAD ./system/src/cmsis/system_stm32f4xx.o
LOAD ./system/src/cmsis/vectors_stm32f407xx.o
LOAD ./src/initialize-hardware.o
LOAD ./src/led.o
LOAD ./src/main.o
LOAD ./src/stm32f4xx_hal_msp.o
LOAD ./src/write.o
LOAD ./FreeRTOS Source/portable/MemMang/heap_4.o
LOAD ./FreeRTOS Source/portable/GCC/ARM_CM4F/port.o
LOAD ./FreeRTOS Source/croutine.o
LOAD ./FreeRTOS Source/event_groups.o
LOAD ./FreeRTOS Source/list.o
LOAD ./FreeRTOS Source/queue.o
LOAD ./FreeRTOS Source/tasks.o
LOAD ./FreeRTOS Source/timers.o
LOAD C:/Users/Boutros/AppData/Roaming/xPacks/@xpack-dev-tools/arm-none-eabi-gcc/13.2.1-1.1.1/.content/bin/../lib/gcc/arm-none-eabi/13.2.1/../../../../arm-none-eabi/lib/thumb/v7e-m+fp/softfp\libstdc++_nano.a
LOAD C:/Users/Boutros/AppData/Roaming/xPacks/@xpack-dev-tools/arm-none-eabi-gcc/13.2.1-1.1.1/.content/bin/../lib/gcc/arm-none-eabi/13.2.1/../../../../arm-none-eabi/lib/thumb/v7e-m+fp/softfp\libm.a
START GROUP
LOAD C:/Users/Boutros/AppData/Roaming/xPacks/@xpack-dev-tools/arm-none-eabi-gcc/13.2.1-1.1.1/.content/bin/../lib/gcc/arm-none-eabi/13.2.1/thumb/v7e-m+fp/softfp\libgcc.a
LOAD C:/Users/Boutros/AppData/Roaming/xPacks/@xpack-dev-tools/arm-none-eabi-gcc/13.2.1-1.1.1/.content/bin/../lib/gcc/arm-none-eabi/13.2.1/../../../../arm-none-eabi/lib/thumb/v7e-m+fp/softfp\libg_nano.a
LOAD C:/Users/Boutros/AppData/Roaming/xPacks/@xpack-dev-tools/arm-none-eabi-gcc/13.2.1-1.1.1/.content/bin/../lib/gcc/arm-none-eabi/13.2.1/../../../../arm-none-eabi/lib/thumb/v7e-m+fp/softfp\libc_nano.a
END GROUP
START GROUP
LOAD C:/Users/Boutros/AppData/Roaming/xPacks/@xpack-dev-tools/arm-none-eabi-gcc/13.2.1-1.1.1/.content/bin/../lib/gcc/arm-none-eabi/13.2.1/thumb/v7e-m+fp/softfp\libgcc.a
LOAD C:/Users/Boutros/AppData/Roaming/xPacks/@xpack-dev-tools/arm-none-eabi-gcc/13.2.1-1.1.1/.content/bin/../lib/gcc/arm-none-eabi/13.2.1/../../../../arm-none-eabi/lib/thumb/v7e-m+fp/softfp\libc_nano.a
END GROUP
                0x20020000                        __stack = (ORIGIN (RAM) + LENGTH (RAM))
                0x20020000                        _estack = __stack
                0x00000400                        __Main_Stack_Size = 0x400
                [!provide]                        PROVIDE (_Main_Stack_Size = __Main_Stack_Size)
                0x2001fc00                        __Main_Stack_Limit = (__stack - __Main_Stack_Size)
                [!provide]                        PROVIDE (_Main_Stack_Limit = __Main_Stack_Limit)
                0x00000100                        _Minimum_Stack_Size = 0x100
                0x200131b0                        PROVIDE (_Heap_Begin = _end_noinit)
                0x2001fc00                        PROVIDE (_Heap_Limit = (__stack - __Main_Stack_Size))

.isr_vector     0x08000000      0x3e8
 FILL mask 0xff
                0x08000000                        __vectors_start = ABSOLUTE (.)
                0x08000000                        __vectors_start__ = ABSOLUTE (.)
 *(.isr_vector)
 .isr_vector    0x08000000      0x188 ./system/src/cmsis/vectors_stm32f407xx.o
                0x08000000                __isr_vectors
 *(.cfmconfig)
 *(.after_vectors .after_vectors.*)
 .after_vectors
                0x08000188      0x130 ./system/src/newlib/startup.o
                0x08000188                _start
 .after_vectors
                0x080002b8      0x12c ./system/src/cortexm/exception-handlers.o
                0x080002b8                Reset_Handler
                0x080002be                NMI_Handler
                0x080002c2                HardFault_Handler
                0x080002d6                HardFault_Handler_C
                0x08000334                MemManage_Handler
                0x08000338                BusFault_Handler
                0x0800034c                BusFault_Handler_C
                0x08000380                UsageFault_Handler
                0x08000394                UsageFault_Handler_C
                0x080003cc                DebugMon_Handler
 .after_vectors
                0x080003e4        0x4 ./system/src/cmsis/vectors_stm32f407xx.o
                0x080003e4                RTC_Alarm_IRQHandler
                0x080003e4                HASH_RNG_IRQHandler
                0x080003e4                EXTI2_IRQHandler
                0x080003e4                TIM8_CC_IRQHandler
                0x080003e4                TIM1_CC_IRQHandler
                0x080003e4                DMA2_Stream5_IRQHandler
                0x080003e4                DMA1_Stream5_IRQHandler
                0x080003e4                PVD_IRQHandler
                0x080003e4                SDIO_IRQHandler
                0x080003e4                TAMP_STAMP_IRQHandler
                0x080003e4                CAN2_RX1_IRQHandler
                0x080003e4                EXTI3_IRQHandler
                0x080003e4                TIM8_TRG_COM_TIM14_IRQHandler
                0x080003e4                TIM1_UP_TIM10_IRQHandler
                0x080003e4                TIM8_UP_TIM13_IRQHandler
                0x080003e4                I2C3_ER_IRQHandler
                0x080003e4                EXTI0_IRQHandler
                0x080003e4                I2C2_EV_IRQHandler
                0x080003e4                DMA1_Stream2_IRQHandler
                0x080003e4                CAN1_RX0_IRQHandler
                0x080003e4                FPU_IRQHandler
                0x080003e4                OTG_HS_WKUP_IRQHandler
                0x080003e4                CAN2_SCE_IRQHandler
                0x080003e4                DMA2_Stream2_IRQHandler
                0x080003e4                SPI1_IRQHandler
                0x080003e4                TIM6_DAC_IRQHandler
                0x080003e4                TIM1_BRK_TIM9_IRQHandler
                0x080003e4                DCMI_IRQHandler
                0x080003e4                CAN2_RX0_IRQHandler
                0x080003e4                DMA2_Stream3_IRQHandler
                0x080003e4                USART6_IRQHandler
                0x080003e4                USART3_IRQHandler
                0x080003e4                CAN1_RX1_IRQHandler
                0x080003e4                UART5_IRQHandler
                0x080003e4                DMA2_Stream0_IRQHandler
                0x080003e4                TIM4_IRQHandler
                0x080003e4                I2C1_EV_IRQHandler
                0x080003e4                DMA1_Stream6_IRQHandler
                0x080003e4                DMA1_Stream1_IRQHandler
                0x080003e4                UART4_IRQHandler
                0x080003e4                TIM3_IRQHandler
                0x080003e4                RCC_IRQHandler
                0x080003e4                TIM8_BRK_TIM12_IRQHandler
                0x080003e4                Default_Handler
                0x080003e4                EXTI15_10_IRQHandler
                0x080003e4                ADC_IRQHandler
                0x080003e4                DMA1_Stream7_IRQHandler
                0x080003e4                TIM7_IRQHandler
                0x080003e4                CAN2_TX_IRQHandler
                0x080003e4                TIM5_IRQHandler
                0x080003e4                DMA2_Stream7_IRQHandler
                0x080003e4                I2C3_EV_IRQHandler
                0x080003e4                EXTI9_5_IRQHandler
                0x080003e4                RTC_WKUP_IRQHandler
                0x080003e4                ETH_WKUP_IRQHandler
                0x080003e4                SPI2_IRQHandler
                0x080003e4                OTG_HS_EP1_IN_IRQHandler
                0x080003e4                DMA1_Stream0_IRQHandler
                0x080003e4                CAN1_TX_IRQHandler
                0x080003e4                EXTI4_IRQHandler
                0x080003e4                ETH_IRQHandler
                0x080003e4                OTG_HS_EP1_OUT_IRQHandler
                0x080003e4                WWDG_IRQHandler
                0x080003e4                TIM2_IRQHandler
                0x080003e4                OTG_FS_WKUP_IRQHandler
                0x080003e4                TIM1_TRG_COM_TIM11_IRQHandler
                0x080003e4                OTG_HS_IRQHandler
                0x080003e4                EXTI1_IRQHandler
                0x080003e4                USART2_IRQHandler
                0x080003e4                I2C2_ER_IRQHandler
                0x080003e4                DMA2_Stream1_IRQHandler
                0x080003e4                CAN1_SCE_IRQHandler
                0x080003e4                FLASH_IRQHandler
                0x080003e4                DMA2_Stream4_IRQHandler
                0x080003e4                USART1_IRQHandler
                0x080003e4                OTG_FS_IRQHandler
                0x080003e4                SPI3_IRQHandler
                0x080003e4                DMA1_Stream4_IRQHandler
                0x080003e4                I2C1_ER_IRQHandler
                0x080003e4                FMC_IRQHandler
                0x080003e4                DMA2_Stream6_IRQHandler
                0x080003e4                DMA1_Stream3_IRQHandler

.inits          0x080003e8       0x28
                0x080003e8                        __data_regions_array_start = .
                0x080003e8        0x4 LONG 0x80055ac LOADADDR (.data)
                0x080003ec        0x4 LONG 0x20000000 ADDR (.data)
                0x080003f0        0x4 LONG 0x200000a4 (ADDR (.data) + SIZEOF (.data))
                0x080003f4        0x4 LONG 0x80055ac LOADADDR (.data_CCMRAM)
                0x080003f8        0x4 LONG 0x10000000 ADDR (.data_CCMRAM)
                0x080003fc        0x4 LONG 0x10000000 (ADDR (.data_CCMRAM) + SIZEOF (.data_CCMRAM))
                0x08000400                        __data_regions_array_end = .
                0x08000400                        __bss_regions_array_start = .
                0x08000400        0x4 LONG 0x200000a4 ADDR (.bss)
                0x08000404        0x4 LONG 0x200131b0 (ADDR (.bss) + SIZEOF (.bss))
                0x08000408        0x4 LONG 0x10000000 ADDR (.bss_CCMRAM)
                0x0800040c        0x4 LONG 0x10000000 (ADDR (.bss_CCMRAM) + SIZEOF (.bss_CCMRAM))
                0x08000410                        __bss_regions_array_end = .
 *(.init)
 *(.fini)
                0x08000410                        . = ALIGN (0x4)
                0x08000410                        PROVIDE (__preinit_array_start = .)
 *(.preinit_array_sysinit .preinit_array_sysinit.*)
 *(.preinit_array_platform .preinit_array_platform.*)
 *(.preinit_array .preinit_array.*)
                0x08000410                        PROVIDE (__preinit_array_end = .)
                0x08000410                        . = ALIGN (0x4)
                0x08000410                        PROVIDE (__init_array_start = .)
 *(SORT_BY_NAME(.init_array.*))
 *(.init_array)
                0x08000410                        PROVIDE (__init_array_end = .)
                0x08000410                        . = ALIGN (0x4)
                0x08000410                        PROVIDE (__fini_array_start = .)
 *(SORT_BY_NAME(.fini_array.*))
 *(.fini_array)
                0x08000410                        PROVIDE (__fini_array_end = .)

.flashtext
 *(.flashtext .flashtext.*)

.text           0x08000410     0x5194
 *(.text .text.*)
 .text.HAL_InitTick
                0x08000410       0x4c ./system/src/stm32f4-hal/stm32f4xx_hal.o
                0x08000410                HAL_InitTick
 .text.HAL_Init
                0x0800045c       0x34 ./system/src/stm32f4-hal/stm32f4xx_hal.o
                0x0800045c                HAL_Init
 .text.HAL_GetTick
                0x08000490        0xc ./system/src/stm32f4-hal/stm32f4xx_hal.o
                0x08000490                HAL_GetTick
 .text.__NVIC_SetPriority
                0x0800049c       0x28 ./system/src/stm32f4-hal/stm32f4xx_hal_cortex.o
 .text.NVIC_EncodePriority
                0x080004c4       0x3e ./system/src/stm32f4-hal/stm32f4xx_hal_cortex.o
 *fill*         0x08000502        0x2 
 .text.HAL_NVIC_SetPriorityGrouping
                0x08000504       0x3c ./system/src/stm32f4-hal/stm32f4xx_hal_cortex.o
                0x08000504                HAL_NVIC_SetPriorityGrouping
 .text.HAL_NVIC_SetPriority
                0x08000540       0x48 ./system/src/stm32f4-hal/stm32f4xx_hal_cortex.o
                0x08000540                HAL_NVIC_SetPriority
 .text.HAL_SYSTICK_Config
                0x08000588       0x28 ./system/src/stm32f4-hal/stm32f4xx_hal_cortex.o
                0x08000588                HAL_SYSTICK_Config
 .text.HAL_SYSTICK_CLKSourceConfig
                0x080005b0       0x34 ./system/src/stm32f4-hal/stm32f4xx_hal_cortex.o
                0x080005b0                HAL_SYSTICK_CLKSourceConfig
 .text.HAL_RCC_OscConfig
                0x080005e4      0x4f0 ./system/src/stm32f4-hal/stm32f4xx_hal_rcc.o
                0x080005e4                HAL_RCC_OscConfig
 .text.HAL_RCC_GetSysClockFreq
                0x08000ad4       0xdc ./system/src/stm32f4-hal/stm32f4xx_hal_rcc.o
                0x08000ad4                HAL_RCC_GetSysClockFreq
 .text.HAL_RCC_ClockConfig
                0x08000bb0      0x224 ./system/src/stm32f4-hal/stm32f4xx_hal_rcc.o
                0x08000bb0                HAL_RCC_ClockConfig
 .text.HAL_RCC_GetHCLKFreq
                0x08000dd4        0xc ./system/src/stm32f4-hal/stm32f4xx_hal_rcc.o
                0x08000dd4                HAL_RCC_GetHCLKFreq
 .text.__assert_func
                0x08000de0       0x34 ./system/src/newlib/assert.o
                0x08000de0                __assert_func
 .text.abort    0x08000e14       0x14 ./system/src/newlib/exit.o
                0x08000e14                abort
 .text._sbrk    0x08000e28       0x44 ./system/src/newlib/sbrk.o
                0x08000e28                _sbrk
 .text.get_errno
                0x08000e6c       0x12 ./system/src/newlib/syscalls.o
 .text.error    0x08000e7e       0x14 ./system/src/newlib/syscalls.o
 .text.checkerror
                0x08000e92       0x10 ./system/src/newlib/syscalls.o
 *fill*         0x08000ea2        0x2 
 .text.findslot
                0x08000ea4       0x3c ./system/src/newlib/syscalls.o
 .text._exit    0x08000ee0       0x20 ./system/src/newlib/syscalls.o
                0x08000ee0                _exit
 .text.initialise_monitor_handles
                0x08000f00       0xa8 ./system/src/newlib/syscalls.o
                0x08000f00                initialise_monitor_handles
 .text.__initialize_args
                0x08000fa8       0xc0 ./system/src/newlib/syscalls.o
                0x08000fa8                __initialize_args
 .text._swiread
                0x08001068       0x20 ./system/src/newlib/syscalls.o
                0x08001068                _swiread
 .text._read    0x08001088       0x36 ./system/src/newlib/syscalls.o
                0x08001088                _read
 .text._swilseek
                0x080010be       0x96 ./system/src/newlib/syscalls.o
                0x080010be                _swilseek
 .text._lseek   0x08001154        0x8 ./system/src/newlib/syscalls.o
                0x08001154                _lseek
 .text._swiwrite
                0x0800115c       0x20 ./system/src/newlib/syscalls.o
                0x0800115c                _swiwrite
 .text._write   0x0800117c       0x46 ./system/src/newlib/syscalls.o
                0x0800117c                _write
 .text._swiclose
                0x080011c2       0x1c ./system/src/newlib/syscalls.o
                0x080011c2                _swiclose
 *fill*         0x080011de        0x2 
 .text._close   0x080011e0       0x48 ./system/src/newlib/syscalls.o
                0x080011e0                _close
 .text._swistat
                0x08001228       0x44 ./system/src/newlib/syscalls.o
                0x08001228                _swistat
 .text._fstat   0x0800126c       0x1a ./system/src/newlib/syscalls.o
                0x0800126c                _fstat
 .text._gettimeofday
                0x08001286       0x28 ./system/src/newlib/syscalls.o
                0x08001286                _gettimeofday
 .text._isatty  0x080012ae       0x36 ./system/src/newlib/syscalls.o
                0x080012ae                _isatty
 .text._trace_write_semihosting_debug
                0x080012e4       0x62 ./system/src/diag/trace-impl.o
 .text.trace_write
                0x08001346        0x8 ./system/src/diag/trace-impl.o
                0x08001346                trace_write
 *fill*         0x0800134e        0x2 
 .text.trace_printf
                0x08001350       0x34 ./system/src/diag/trace.o
                0x08001350                trace_printf
 .text.trace_puts
                0x08001384       0x20 ./system/src/diag/trace.o
                0x08001384                trace_puts
 .text.__NVIC_SystemReset
                0x080013a4       0x24 ./system/src/cortexm/exception-handlers.o
 .text.dumpExceptionStack
                0x080013c8       0xf4 ./system/src/cortexm/exception-handlers.o
                0x080013c8                dumpExceptionStack
 .text.isSemihosting
                0x080014bc       0xe0 ./system/src/cortexm/exception-handlers.o
                0x080014bc                isSemihosting
 .text.__initialize_hardware_early
                0x0800159c       0x18 ./system/src/cortexm/initialize-hardware.o
                0x0800159c                __initialize_hardware_early
 .text.SystemInit
                0x080015b4       0x10 ./system/src/cmsis/system_stm32f4xx.o
                0x080015b4                SystemInit
 .text.SystemCoreClockUpdate
                0x080015c4       0xa0 ./system/src/cmsis/system_stm32f4xx.o
                0x080015c4                SystemCoreClockUpdate
 .text.SystemClock_Config
                0x08001664       0xa0 ./src/initialize-hardware.o
                0x08001664                SystemClock_Config
 .text.__initialize_hardware
                0x08001704       0x10 ./src/initialize-hardware.o
                0x08001704                __initialize_hardware
 .text.assert_failed
                0x08001714       0x14 ./src/initialize-hardware.o
                0x08001714                assert_failed
 .text.ReceiverTask
                0x08001728       0x60 ./src/main.o
                0x08001728                ReceiverTask
 .text.SenderTimerCallbackFunction
                0x08001788       0x1c ./src/main.o
                0x08001788                SenderTimerCallbackFunction
 .text.createRandomNumbers
                0x080017a4       0x1a ./src/main.o
                0x080017a4                createRandomNumbers
 *fill*         0x080017be        0x2 
 .text.SenderTask
                0x080017c0       0xdc ./src/main.o
                0x080017c0                SenderTask
 .text.resetCheckArrays
                0x0800189c       0xa4 ./src/main.o
                0x0800189c                resetCheckArrays
 .text.ResetSystem
                0x08001940      0x144 ./src/main.o
                0x08001940                ResetSystem
 .text.main     0x08001a84      0x154 ./src/main.o
                0x08001a84                main
 .text.ReceiverTimerCallbackFunction
                0x08001bd8       0x2c ./src/main.o
                0x08001bd8                ReceiverTimerCallbackFunction
 .text.vApplicationMallocFailedHook
                0x08001c04        0x2 ./src/main.o
                0x08001c04                vApplicationMallocFailedHook
 .text.vApplicationStackOverflowHook
                0x08001c06        0x2 ./src/main.o
                0x08001c06                vApplicationStackOverflowHook
 .text.vApplicationIdleHook
                0x08001c08       0x12 ./src/main.o
                0x08001c08                vApplicationIdleHook
 .text.vApplicationTickHook
                0x08001c1a        0x2 ./src/main.o
                0x08001c1a                vApplicationTickHook
 .text.HAL_MspInit
                0x08001c1c        0x2 ./src/stm32f4xx_hal_msp.o
                0x08001c1c                HAL_MspInit
 *fill*         0x08001c1e        0x2 
 .text.prvHeapInit
                0x08001c20       0x64 ./FreeRTOS Source/portable/MemMang/heap_4.o
 .text.prvInsertBlockIntoFreeList
                0x08001c84       0x64 ./FreeRTOS Source/portable/MemMang/heap_4.o
 .text.pvPortMalloc
                0x08001ce8      0x10c ./FreeRTOS Source/portable/MemMang/heap_4.o
                0x08001ce8                pvPortMalloc
 .text.vPortFree
                0x08001df4       0x70 ./FreeRTOS Source/portable/MemMang/heap_4.o
                0x08001df4                vPortFree
 .text.xPortGetFreeHeapSize
                0x08001e64        0xc ./FreeRTOS Source/portable/MemMang/heap_4.o
                0x08001e64                xPortGetFreeHeapSize
 .text.prvTaskExitError
                0x08001e70       0x34 ./FreeRTOS Source/portable/GCC/ARM_CM4F/port.o
 .text.prvPortStartFirstTask
                0x08001ea4       0x20 ./FreeRTOS Source/portable/GCC/ARM_CM4F/port.o
 .text.pxPortInitialiseStack
                0x08001ec4       0x2c ./FreeRTOS Source/portable/GCC/ARM_CM4F/port.o
                0x08001ec4                pxPortInitialiseStack
 .text.SVC_Handler
                0x08001ef0       0x24 ./FreeRTOS Source/portable/GCC/ARM_CM4F/port.o
                0x08001ef0                SVC_Handler
 .text.vPortEnterCritical
                0x08001f14       0x44 ./FreeRTOS Source/portable/GCC/ARM_CM4F/port.o
                0x08001f14                vPortEnterCritical
 .text.vPortExitCritical
                0x08001f58       0x2c ./FreeRTOS Source/portable/GCC/ARM_CM4F/port.o
                0x08001f58                vPortExitCritical
 *fill*         0x08001f84        0xc 
 .text.PendSV_Handler
                0x08001f90       0x64 ./FreeRTOS Source/portable/GCC/ARM_CM4F/port.o
                0x08001f90                PendSV_Handler
 .text.SysTick_Handler
                0x08001ff4       0x2c ./FreeRTOS Source/portable/GCC/ARM_CM4F/port.o
                0x08001ff4                SysTick_Handler
 .text.vPortSetupTimerInterrupt
                0x08002020       0x24 ./FreeRTOS Source/portable/GCC/ARM_CM4F/port.o
                0x08002020                vPortSetupTimerInterrupt
 .text.xPortStartScheduler
                0x08002044       0xf4 ./FreeRTOS Source/portable/GCC/ARM_CM4F/port.o
                0x08002044                xPortStartScheduler
 .text.vPortValidateInterruptPriority
                0x08002138       0x5c ./FreeRTOS Source/portable/GCC/ARM_CM4F/port.o
                0x08002138                vPortValidateInterruptPriority
 .text.vListInitialise
                0x08002194       0x16 ./FreeRTOS Source/list.o
                0x08002194                vListInitialise
 .text.vListInitialiseItem
                0x080021aa        0x6 ./FreeRTOS Source/list.o
                0x080021aa                vListInitialiseItem
 .text.vListInsertEnd
                0x080021b0       0x16 ./FreeRTOS Source/list.o
                0x080021b0                vListInsertEnd
 .text.vListInsert
                0x080021c6       0x32 ./FreeRTOS Source/list.o
                0x080021c6                vListInsert
 .text.uxListRemove
                0x080021f8       0x24 ./FreeRTOS Source/list.o
                0x080021f8                uxListRemove
 .text.prvIsQueueFull
                0x0800221c       0x1e ./FreeRTOS Source/queue.o
 .text.prvIsQueueEmpty
                0x0800223a       0x1a ./FreeRTOS Source/queue.o
 .text.prvCopyDataToQueue
                0x08002254       0x76 ./FreeRTOS Source/queue.o
 .text.prvCopyDataFromQueue
                0x080022ca       0x24 ./FreeRTOS Source/queue.o
 .text.prvUnlockQueue
                0x080022ee       0x6e ./FreeRTOS Source/queue.o
 .text.xQueueGenericReset
                0x0800235c       0x84 ./FreeRTOS Source/queue.o
                0x0800235c                xQueueGenericReset
 .text.prvInitialiseNewQueue
                0x080023e0       0x22 ./FreeRTOS Source/queue.o
 .text.xQueueGenericCreate
                0x08002402       0x48 ./FreeRTOS Source/queue.o
                0x08002402                xQueueGenericCreate
 .text.xQueueGenericSend
                0x0800244a      0x188 ./FreeRTOS Source/queue.o
                0x0800244a                xQueueGenericSend
 .text.xQueueGenericSendFromISR
                0x080025d2       0xcc ./FreeRTOS Source/queue.o
                0x080025d2                xQueueGenericSendFromISR
 .text.xQueueGenericReceive
                0x0800269e      0x1ba ./FreeRTOS Source/queue.o
                0x0800269e                xQueueGenericReceive
 .text.vQueueAddToRegistry
                0x08002858       0x28 ./FreeRTOS Source/queue.o
                0x08002858                vQueueAddToRegistry
 .text.vQueueWaitForMessageRestricted
                0x08002880       0x52 ./FreeRTOS Source/queue.o
                0x08002880                vQueueWaitForMessageRestricted
 *fill*         0x080028d2        0x2 
 .text.prvResetNextTaskUnblockTime
                0x080028d4       0x2c ./FreeRTOS Source/tasks.o
 .text.prvDeleteTCB
                0x08002900       0x12 ./FreeRTOS Source/tasks.o
 .text.prvInitialiseNewTask
                0x08002912       0x98 ./FreeRTOS Source/tasks.o
 *fill*         0x080029aa        0x2 
 .text.prvInitialiseTaskLists
                0x080029ac       0x68 ./FreeRTOS Source/tasks.o
 .text.prvAddNewTaskToReadyList
                0x08002a14       0xac ./FreeRTOS Source/tasks.o
 .text.prvAddCurrentTaskToDelayedList
                0x08002ac0       0x98 ./FreeRTOS Source/tasks.o
 .text.xTaskCreate
                0x08002b58       0x60 ./FreeRTOS Source/tasks.o
                0x08002b58                xTaskCreate
 .text.vTaskStartScheduler
                0x08002bb8       0x84 ./FreeRTOS Source/tasks.o
                0x08002bb8                vTaskStartScheduler
 .text.vTaskSuspendAll
                0x08002c3c       0x10 ./FreeRTOS Source/tasks.o
                0x08002c3c                vTaskSuspendAll
 .text.xTaskGetTickCount
                0x08002c4c        0xc ./FreeRTOS Source/tasks.o
                0x08002c4c                xTaskGetTickCount
 .text.xTaskIncrementTick
                0x08002c58      0x128 ./FreeRTOS Source/tasks.o
                0x08002c58                xTaskIncrementTick
 .text.xTaskResumeAll
                0x08002d80       0xf8 ./FreeRTOS Source/tasks.o
                0x08002d80                xTaskResumeAll
 .text.prvCheckTasksWaitingTermination
                0x08002e78       0x5c ./FreeRTOS Source/tasks.o
 .text.prvIdleTask
                0x08002ed4       0x30 ./FreeRTOS Source/tasks.o
 .text.vTaskSwitchContext
                0x08002f04       0xcc ./FreeRTOS Source/tasks.o
                0x08002f04                vTaskSwitchContext
 .text.vTaskPlaceOnEventList
                0x08002fd0       0x30 ./FreeRTOS Source/tasks.o
                0x08002fd0                vTaskPlaceOnEventList
 .text.vTaskPlaceOnEventListRestricted
                0x08003000       0x38 ./FreeRTOS Source/tasks.o
                0x08003000                vTaskPlaceOnEventListRestricted
 .text.xTaskRemoveFromEventList
                0x08003038       0x8c ./FreeRTOS Source/tasks.o
                0x08003038                xTaskRemoveFromEventList
 .text.vTaskSetTimeOutState
                0x080030c4       0x2c ./FreeRTOS Source/tasks.o
                0x080030c4                vTaskSetTimeOutState
 .text.xTaskCheckForTimeOut
                0x080030f0       0x80 ./FreeRTOS Source/tasks.o
                0x080030f0                xTaskCheckForTimeOut
 .text.vTaskMissedYield
                0x08003170        0xc ./FreeRTOS Source/tasks.o
                0x08003170                vTaskMissedYield
 .text.xTaskGetSchedulerState
                0x0800317c       0x20 ./FreeRTOS Source/tasks.o
                0x0800317c                xTaskGetSchedulerState
 .text.vTaskPriorityInherit
                0x0800319c       0xa0 ./FreeRTOS Source/tasks.o
                0x0800319c                vTaskPriorityInherit
 .text.xTaskPriorityDisinherit
                0x0800323c       0xb0 ./FreeRTOS Source/tasks.o
                0x0800323c                xTaskPriorityDisinherit
 .text.pvTaskIncrementMutexHeldCount
                0x080032ec       0x1c ./FreeRTOS Source/tasks.o
                0x080032ec                pvTaskIncrementMutexHeldCount
 .text.prvGetNextExpireTime
                0x08003308       0x20 ./FreeRTOS Source/timers.o
 .text.prvInsertTimerInActiveList
                0x08003328       0x48 ./FreeRTOS Source/timers.o
 .text.prvCheckForValidListAndQueue
                0x08003370       0x5c ./FreeRTOS Source/timers.o
 .text.prvInitialiseNewTimer
                0x080033cc       0x40 ./FreeRTOS Source/timers.o
 .text.xTimerCreateTimerTask
                0x0800340c       0x50 ./FreeRTOS Source/timers.o
                0x0800340c                xTimerCreateTimerTask
 .text.xTimerCreate
                0x0800345c       0x32 ./FreeRTOS Source/timers.o
                0x0800345c                xTimerCreate
 *fill*         0x0800348e        0x2 
 .text.xTimerGenericCommand
                0x08003490       0x6c ./FreeRTOS Source/timers.o
                0x08003490                xTimerGenericCommand
 .text.prvSwitchTimerLists
                0x080034fc       0x78 ./FreeRTOS Source/timers.o
 .text.prvSampleTimeNow
                0x08003574       0x2c ./FreeRTOS Source/timers.o
 .text.prvProcessExpiredTimer
                0x080035a0       0x60 ./FreeRTOS Source/timers.o
 .text.prvProcessTimerOrBlockTask
                0x08003600       0x70 ./FreeRTOS Source/timers.o
 .text.prvProcessReceivedCommands
                0x08003670       0xe0 ./FreeRTOS Source/timers.o
 .text.prvTimerTask
                0x08003750       0x16 ./FreeRTOS Source/timers.o
 .text.pvTimerGetTimerID
                0x08003766       0x26 ./FreeRTOS Source/timers.o
                0x08003766                pvTimerGetTimerID
 .text          0x0800378c       0x30 C:/Users/Boutros/AppData/Roaming/xPacks/@xpack-dev-tools/arm-none-eabi-gcc/13.2.1-1.1.1/.content/bin/../lib/gcc/arm-none-eabi/13.2.1/thumb/v7e-m+fp/softfp\libgcc.a(_aeabi_uldivmod.o)
                0x0800378c                __aeabi_uldivmod
 .text.__udivmoddi4
                0x080037bc      0x2bc C:/Users/Boutros/AppData/Roaming/xPacks/@xpack-dev-tools/arm-none-eabi-gcc/13.2.1-1.1.1/.content/bin/../lib/gcc/arm-none-eabi/13.2.1/thumb/v7e-m+fp/softfp\libgcc.a(_udivmoddi4.o)
                0x080037bc                __udivmoddi4
 .text          0x08003a78        0x4 C:/Users/Boutros/AppData/Roaming/xPacks/@xpack-dev-tools/arm-none-eabi-gcc/13.2.1-1.1.1/.content/bin/../lib/gcc/arm-none-eabi/13.2.1/thumb/v7e-m+fp/softfp\libgcc.a(_dvmd_tls.o)
                0x08003a78                __aeabi_idiv0
                0x08003a78                __aeabi_ldiv0
 .text.exit     0x08003a7c       0x24 C:/Users/Boutros/AppData/Roaming/xPacks/@xpack-dev-tools/arm-none-eabi-gcc/13.2.1-1.1.1/.content/bin/../lib/gcc/arm-none-eabi/13.2.1/../../../../arm-none-eabi/lib/thumb/v7e-m+fp/softfp\libg_nano.a(libc_a-exit.o)
                0x08003a7c                exit
 .text.srand    0x08003aa0       0x5c C:/Users/Boutros/AppData/Roaming/xPacks/@xpack-dev-tools/arm-none-eabi-gcc/13.2.1-1.1.1/.content/bin/../lib/gcc/arm-none-eabi/13.2.1/../../../../arm-none-eabi/lib/thumb/v7e-m+fp/softfp\libg_nano.a(libc_a-rand.o)
                0x08003aa0                srand
 .text.rand     0x08003afc       0x7c C:/Users/Boutros/AppData/Roaming/xPacks/@xpack-dev-tools/arm-none-eabi-gcc/13.2.1-1.1.1/.content/bin/../lib/gcc/arm-none-eabi/13.2.1/../../../../arm-none-eabi/lib/thumb/v7e-m+fp/softfp\libg_nano.a(libc_a-rand.o)
                0x08003afc                rand
 .text.std      0x08003b78       0x6c C:/Users/Boutros/AppData/Roaming/xPacks/@xpack-dev-tools/arm-none-eabi-gcc/13.2.1-1.1.1/.content/bin/../lib/gcc/arm-none-eabi/13.2.1/../../../../arm-none-eabi/lib/thumb/v7e-m+fp/softfp\libg_nano.a(libc_a-findfp.o)
 .text.stdio_exit_handler
                0x08003be4       0x18 C:/Users/Boutros/AppData/Roaming/xPacks/@xpack-dev-tools/arm-none-eabi-gcc/13.2.1-1.1.1/.content/bin/../lib/gcc/arm-none-eabi/13.2.1/../../../../arm-none-eabi/lib/thumb/v7e-m+fp/softfp\libg_nano.a(libc_a-findfp.o)
 .text.cleanup_stdio
                0x08003bfc       0x40 C:/Users/Boutros/AppData/Roaming/xPacks/@xpack-dev-tools/arm-none-eabi-gcc/13.2.1-1.1.1/.content/bin/../lib/gcc/arm-none-eabi/13.2.1/../../../../arm-none-eabi/lib/thumb/v7e-m+fp/softfp\libg_nano.a(libc_a-findfp.o)
 .text.global_stdio_init.part.0
                0x08003c3c       0x3c C:/Users/Boutros/AppData/Roaming/xPacks/@xpack-dev-tools/arm-none-eabi-gcc/13.2.1-1.1.1/.content/bin/../lib/gcc/arm-none-eabi/13.2.1/../../../../arm-none-eabi/lib/thumb/v7e-m+fp/softfp\libg_nano.a(libc_a-findfp.o)
 .text.__sfp_lock_acquire
                0x08003c78        0xc C:/Users/Boutros/AppData/Roaming/xPacks/@xpack-dev-tools/arm-none-eabi-gcc/13.2.1-1.1.1/.content/bin/../lib/gcc/arm-none-eabi/13.2.1/../../../../arm-none-eabi/lib/thumb/v7e-m+fp/softfp\libg_nano.a(libc_a-findfp.o)
                0x08003c78                __sfp_lock_acquire
 .text.__sfp_lock_release
                0x08003c84        0xc C:/Users/Boutros/AppData/Roaming/xPacks/@xpack-dev-tools/arm-none-eabi-gcc/13.2.1-1.1.1/.content/bin/../lib/gcc/arm-none-eabi/13.2.1/../../../../arm-none-eabi/lib/thumb/v7e-m+fp/softfp\libg_nano.a(libc_a-findfp.o)
                0x08003c84                __sfp_lock_release
 .text.__sinit  0x08003c90       0x30 C:/Users/Boutros/AppData/Roaming/xPacks/@xpack-dev-tools/arm-none-eabi-gcc/13.2.1-1.1.1/.content/bin/../lib/gcc/arm-none-eabi/13.2.1/../../../../arm-none-eabi/lib/thumb/v7e-m+fp/softfp\libg_nano.a(libc_a-findfp.o)
                0x08003c90                __sinit
 .text._fwalk_sglue
                0x08003cc0       0x3c C:/Users/Boutros/AppData/Roaming/xPacks/@xpack-dev-tools/arm-none-eabi-gcc/13.2.1-1.1.1/.content/bin/../lib/gcc/arm-none-eabi/13.2.1/../../../../arm-none-eabi/lib/thumb/v7e-m+fp/softfp\libg_nano.a(libc_a-fwalk.o)
                0x08003cc0                _fwalk_sglue
 .text.printf   0x08003cfc       0x24 C:/Users/Boutros/AppData/Roaming/xPacks/@xpack-dev-tools/arm-none-eabi-gcc/13.2.1-1.1.1/.content/bin/../lib/gcc/arm-none-eabi/13.2.1/../../../../arm-none-eabi/lib/thumb/v7e-m+fp/softfp\libg_nano.a(libc_a-printf.o)
                0x08003cfc                iprintf
                0x08003cfc                printf
 .text._puts_r  0x08003d20       0xaa C:/Users/Boutros/AppData/Roaming/xPacks/@xpack-dev-tools/arm-none-eabi-gcc/13.2.1-1.1.1/.content/bin/../lib/gcc/arm-none-eabi/13.2.1/../../../../arm-none-eabi/lib/thumb/v7e-m+fp/softfp\libg_nano.a(libc_a-puts.o)
                0x08003d20                _puts_r
 *fill*         0x08003dca        0x2 
 .text.puts     0x08003dcc       0x10 C:/Users/Boutros/AppData/Roaming/xPacks/@xpack-dev-tools/arm-none-eabi-gcc/13.2.1-1.1.1/.content/bin/../lib/gcc/arm-none-eabi/13.2.1/../../../../arm-none-eabi/lib/thumb/v7e-m+fp/softfp\libg_nano.a(libc_a-puts.o)
                0x08003dcc                puts
 .text.snprintf
                0x08003ddc       0x68 C:/Users/Boutros/AppData/Roaming/xPacks/@xpack-dev-tools/arm-none-eabi-gcc/13.2.1-1.1.1/.content/bin/../lib/gcc/arm-none-eabi/13.2.1/../../../../arm-none-eabi/lib/thumb/v7e-m+fp/softfp\libg_nano.a(libc_a-snprintf.o)
                0x08003ddc                sniprintf
                0x08003ddc                snprintf
 .text.__sread  0x08003e44       0x22 C:/Users/Boutros/AppData/Roaming/xPacks/@xpack-dev-tools/arm-none-eabi-gcc/13.2.1-1.1.1/.content/bin/../lib/gcc/arm-none-eabi/13.2.1/../../../../arm-none-eabi/lib/thumb/v7e-m+fp/softfp\libg_nano.a(libc_a-stdio.o)
                0x08003e44                __sread
 .text.__swrite
                0x08003e66       0x38 C:/Users/Boutros/AppData/Roaming/xPacks/@xpack-dev-tools/arm-none-eabi-gcc/13.2.1-1.1.1/.content/bin/../lib/gcc/arm-none-eabi/13.2.1/../../../../arm-none-eabi/lib/thumb/v7e-m+fp/softfp\libg_nano.a(libc_a-stdio.o)
                0x08003e66                __swrite
 .text.__sseek  0x08003e9e       0x24 C:/Users/Boutros/AppData/Roaming/xPacks/@xpack-dev-tools/arm-none-eabi-gcc/13.2.1-1.1.1/.content/bin/../lib/gcc/arm-none-eabi/13.2.1/../../../../arm-none-eabi/lib/thumb/v7e-m+fp/softfp\libg_nano.a(libc_a-stdio.o)
                0x08003e9e                __sseek
 .text.__sclose
                0x08003ec2        0x8 C:/Users/Boutros/AppData/Roaming/xPacks/@xpack-dev-tools/arm-none-eabi-gcc/13.2.1-1.1.1/.content/bin/../lib/gcc/arm-none-eabi/13.2.1/../../../../arm-none-eabi/lib/thumb/v7e-m+fp/softfp\libg_nano.a(libc_a-stdio.o)
                0x08003ec2                __sclose
 .text._vsnprintf_r
                0x08003eca       0x56 C:/Users/Boutros/AppData/Roaming/xPacks/@xpack-dev-tools/arm-none-eabi-gcc/13.2.1-1.1.1/.content/bin/../lib/gcc/arm-none-eabi/13.2.1/../../../../arm-none-eabi/lib/thumb/v7e-m+fp/softfp\libg_nano.a(libc_a-vsnprintf.o)
                0x08003eca                _vsniprintf_r
                0x08003eca                _vsnprintf_r
 .text.vsnprintf
                0x08003f20       0x1c C:/Users/Boutros/AppData/Roaming/xPacks/@xpack-dev-tools/arm-none-eabi-gcc/13.2.1-1.1.1/.content/bin/../lib/gcc/arm-none-eabi/13.2.1/../../../../arm-none-eabi/lib/thumb/v7e-m+fp/softfp\libg_nano.a(libc_a-vsnprintf.o)
                0x08003f20                vsniprintf
                0x08003f20                vsnprintf
 .text.__swbuf_r
                0x08003f3c       0x7c C:/Users/Boutros/AppData/Roaming/xPacks/@xpack-dev-tools/arm-none-eabi-gcc/13.2.1-1.1.1/.content/bin/../lib/gcc/arm-none-eabi/13.2.1/../../../../arm-none-eabi/lib/thumb/v7e-m+fp/softfp\libg_nano.a(libc_a-wbuf.o)
                0x08003f3c                __swbuf_r
 .text.__swsetup_r
                0x08003fb8       0xac C:/Users/Boutros/AppData/Roaming/xPacks/@xpack-dev-tools/arm-none-eabi-gcc/13.2.1-1.1.1/.content/bin/../lib/gcc/arm-none-eabi/13.2.1/../../../../arm-none-eabi/lib/thumb/v7e-m+fp/softfp\libg_nano.a(libc_a-wsetup.o)
                0x08003fb8                __swsetup_r
 .text.memset   0x08004064       0x10 C:/Users/Boutros/AppData/Roaming/xPacks/@xpack-dev-tools/arm-none-eabi-gcc/13.2.1-1.1.1/.content/bin/../lib/gcc/arm-none-eabi/13.2.1/../../../../arm-none-eabi/lib/thumb/v7e-m+fp/softfp\libg_nano.a(libc_a-memset.o)
                0x08004064                memset
 .text.time     0x08004074       0x38 C:/Users/Boutros/AppData/Roaming/xPacks/@xpack-dev-tools/arm-none-eabi-gcc/13.2.1-1.1.1/.content/bin/../lib/gcc/arm-none-eabi/13.2.1/../../../../arm-none-eabi/lib/thumb/v7e-m+fp/softfp\libg_nano.a(libc_a-time.o)
                0x08004074                time
 .text._close_r
                0x080040ac       0x20 C:/Users/Boutros/AppData/Roaming/xPacks/@xpack-dev-tools/arm-none-eabi-gcc/13.2.1-1.1.1/.content/bin/../lib/gcc/arm-none-eabi/13.2.1/../../../../arm-none-eabi/lib/thumb/v7e-m+fp/softfp\libg_nano.a(libc_a-closer.o)
                0x080040ac                _close_r
 .text._gettimeofday_r
                0x080040cc       0x24 C:/Users/Boutros/AppData/Roaming/xPacks/@xpack-dev-tools/arm-none-eabi-gcc/13.2.1-1.1.1/.content/bin/../lib/gcc/arm-none-eabi/13.2.1/../../../../arm-none-eabi/lib/thumb/v7e-m+fp/softfp\libg_nano.a(libc_a-gettimeofdayr.o)
                0x080040cc                _gettimeofday_r
 .text._lseek_r
                0x080040f0       0x24 C:/Users/Boutros/AppData/Roaming/xPacks/@xpack-dev-tools/arm-none-eabi-gcc/13.2.1-1.1.1/.content/bin/../lib/gcc/arm-none-eabi/13.2.1/../../../../arm-none-eabi/lib/thumb/v7e-m+fp/softfp\libg_nano.a(libc_a-lseekr.o)
                0x080040f0                _lseek_r
 .text._read_r  0x08004114       0x24 C:/Users/Boutros/AppData/Roaming/xPacks/@xpack-dev-tools/arm-none-eabi-gcc/13.2.1-1.1.1/.content/bin/../lib/gcc/arm-none-eabi/13.2.1/../../../../arm-none-eabi/lib/thumb/v7e-m+fp/softfp\libg_nano.a(libc_a-readr.o)
                0x08004114                _read_r
 .text._write_r
                0x08004138       0x24 C:/Users/Boutros/AppData/Roaming/xPacks/@xpack-dev-tools/arm-none-eabi-gcc/13.2.1-1.1.1/.content/bin/../lib/gcc/arm-none-eabi/13.2.1/../../../../arm-none-eabi/lib/thumb/v7e-m+fp/softfp\libg_nano.a(libc_a-writer.o)
                0x08004138                _write_r
 .text.__errno  0x0800415c        0xc C:/Users/Boutros/AppData/Roaming/xPacks/@xpack-dev-tools/arm-none-eabi-gcc/13.2.1-1.1.1/.content/bin/../lib/gcc/arm-none-eabi/13.2.1/../../../../arm-none-eabi/lib/thumb/v7e-m+fp/softfp\libg_nano.a(libc_a-errno.o)
                0x0800415c                __errno
 .text.__retarget_lock_init_recursive
                0x08004168        0x2 C:/Users/Boutros/AppData/Roaming/xPacks/@xpack-dev-tools/arm-none-eabi-gcc/13.2.1-1.1.1/.content/bin/../lib/gcc/arm-none-eabi/13.2.1/../../../../arm-none-eabi/lib/thumb/v7e-m+fp/softfp\libg_nano.a(libc_a-lock.o)
                0x08004168                __retarget_lock_init_recursive
 .text.__retarget_lock_acquire_recursive
                0x0800416a        0x2 C:/Users/Boutros/AppData/Roaming/xPacks/@xpack-dev-tools/arm-none-eabi-gcc/13.2.1-1.1.1/.content/bin/../lib/gcc/arm-none-eabi/13.2.1/../../../../arm-none-eabi/lib/thumb/v7e-m+fp/softfp\libg_nano.a(libc_a-lock.o)
                0x0800416a                __retarget_lock_acquire_recursive
 .text.__retarget_lock_release_recursive
                0x0800416c        0x2 C:/Users/Boutros/AppData/Roaming/xPacks/@xpack-dev-tools/arm-none-eabi-gcc/13.2.1-1.1.1/.content/bin/../lib/gcc/arm-none-eabi/13.2.1/../../../../arm-none-eabi/lib/thumb/v7e-m+fp/softfp\libg_nano.a(libc_a-lock.o)
                0x0800416c                __retarget_lock_release_recursive
 .text          0x0800416e       0x14 C:/Users/Boutros/AppData/Roaming/xPacks/@xpack-dev-tools/arm-none-eabi-gcc/13.2.1-1.1.1/.content/bin/../lib/gcc/arm-none-eabi/13.2.1/../../../../arm-none-eabi/lib/thumb/v7e-m+fp/softfp\libg_nano.a(libc_a-strcmp.o)
                0x0800416e                strcmp
 .text.memcpy   0x08004182       0x1c C:/Users/Boutros/AppData/Roaming/xPacks/@xpack-dev-tools/arm-none-eabi-gcc/13.2.1-1.1.1/.content/bin/../lib/gcc/arm-none-eabi/13.2.1/../../../../arm-none-eabi/lib/thumb/v7e-m+fp/softfp\libg_nano.a(libc_a-memcpy-stub.o)
                0x08004182                memcpy
 .text          0x0800419e       0x10 C:/Users/Boutros/AppData/Roaming/xPacks/@xpack-dev-tools/arm-none-eabi-gcc/13.2.1-1.1.1/.content/bin/../lib/gcc/arm-none-eabi/13.2.1/../../../../arm-none-eabi/lib/thumb/v7e-m+fp/softfp\libg_nano.a(libc_a-strlen.o)
                0x0800419e                strlen
 *fill*         0x080041ae        0x2 
 .text._free_r  0x080041b0       0x94 C:/Users/Boutros/AppData/Roaming/xPacks/@xpack-dev-tools/arm-none-eabi-gcc/13.2.1-1.1.1/.content/bin/../lib/gcc/arm-none-eabi/13.2.1/../../../../arm-none-eabi/lib/thumb/v7e-m+fp/softfp\libg_nano.a(libc_a-freer.o)
                0x080041b0                _free_r
 .text.malloc   0x08004244       0x10 C:/Users/Boutros/AppData/Roaming/xPacks/@xpack-dev-tools/arm-none-eabi-gcc/13.2.1-1.1.1/.content/bin/../lib/gcc/arm-none-eabi/13.2.1/../../../../arm-none-eabi/lib/thumb/v7e-m+fp/softfp\libg_nano.a(libc_a-malloc.o)
                0x08004244                malloc
 .text.sbrk_aligned
                0x08004254       0x44 C:/Users/Boutros/AppData/Roaming/xPacks/@xpack-dev-tools/arm-none-eabi-gcc/13.2.1-1.1.1/.content/bin/../lib/gcc/arm-none-eabi/13.2.1/../../../../arm-none-eabi/lib/thumb/v7e-m+fp/softfp\libg_nano.a(libc_a-mallocr.o)
 .text._malloc_r
                0x08004298      0x100 C:/Users/Boutros/AppData/Roaming/xPacks/@xpack-dev-tools/arm-none-eabi-gcc/13.2.1-1.1.1/.content/bin/../lib/gcc/arm-none-eabi/13.2.1/../../../../arm-none-eabi/lib/thumb/v7e-m+fp/softfp\libg_nano.a(libc_a-mallocr.o)
                0x08004298                _malloc_r
 .text.__malloc_lock
                0x08004398        0xc C:/Users/Boutros/AppData/Roaming/xPacks/@xpack-dev-tools/arm-none-eabi-gcc/13.2.1-1.1.1/.content/bin/../lib/gcc/arm-none-eabi/13.2.1/../../../../arm-none-eabi/lib/thumb/v7e-m+fp/softfp\libg_nano.a(libc_a-mlock.o)
                0x08004398                __malloc_lock
 .text.__malloc_unlock
                0x080043a4        0xc C:/Users/Boutros/AppData/Roaming/xPacks/@xpack-dev-tools/arm-none-eabi-gcc/13.2.1-1.1.1/.content/bin/../lib/gcc/arm-none-eabi/13.2.1/../../../../arm-none-eabi/lib/thumb/v7e-m+fp/softfp\libg_nano.a(libc_a-mlock.o)
                0x080043a4                __malloc_unlock
 .text.__ssputs_r
                0x080043b0       0xb6 C:/Users/Boutros/AppData/Roaming/xPacks/@xpack-dev-tools/arm-none-eabi-gcc/13.2.1-1.1.1/.content/bin/../lib/gcc/arm-none-eabi/13.2.1/../../../../arm-none-eabi/lib/thumb/v7e-m+fp/softfp\libg_nano.a(libc_a-nano-svfprintf.o)
                0x080043b0                __ssputs_r
 *fill*         0x08004466        0x2 
 .text._svfprintf_r
                0x08004468      0x1f8 C:/Users/Boutros/AppData/Roaming/xPacks/@xpack-dev-tools/arm-none-eabi-gcc/13.2.1-1.1.1/.content/bin/../lib/gcc/arm-none-eabi/13.2.1/../../../../arm-none-eabi/lib/thumb/v7e-m+fp/softfp\libg_nano.a(libc_a-nano-svfprintf.o)
                0x08004468                _svfiprintf_r
                0x08004468                _svfprintf_r
 .text.__sfputc_r
                0x08004660       0x2e C:/Users/Boutros/AppData/Roaming/xPacks/@xpack-dev-tools/arm-none-eabi-gcc/13.2.1-1.1.1/.content/bin/../lib/gcc/arm-none-eabi/13.2.1/../../../../arm-none-eabi/lib/thumb/v7e-m+fp/softfp\libg_nano.a(libc_a-nano-vfprintf.o)
 .text.__sfputs_r
                0x0800468e       0x24 C:/Users/Boutros/AppData/Roaming/xPacks/@xpack-dev-tools/arm-none-eabi-gcc/13.2.1-1.1.1/.content/bin/../lib/gcc/arm-none-eabi/13.2.1/../../../../arm-none-eabi/lib/thumb/v7e-m+fp/softfp\libg_nano.a(libc_a-nano-vfprintf.o)
                0x0800468e                __sfputs_r
 *fill*         0x080046b2        0x2 
 .text._vfprintf_r
                0x080046b4      0x230 C:/Users/Boutros/AppData/Roaming/xPacks/@xpack-dev-tools/arm-none-eabi-gcc/13.2.1-1.1.1/.content/bin/../lib/gcc/arm-none-eabi/13.2.1/../../../../arm-none-eabi/lib/thumb/v7e-m+fp/softfp\libg_nano.a(libc_a-nano-vfprintf.o)
                0x080046b4                _vfprintf_r
                0x080046b4                _vfiprintf_r
 .text._printf_common
                0x080048e4       0xda C:/Users/Boutros/AppData/Roaming/xPacks/@xpack-dev-tools/arm-none-eabi-gcc/13.2.1-1.1.1/.content/bin/../lib/gcc/arm-none-eabi/13.2.1/../../../../arm-none-eabi/lib/thumb/v7e-m+fp/softfp\libg_nano.a(libc_a-nano-vfprintf_i.o)
                0x080048e4                _printf_common
 *fill*         0x080049be        0x2 
 .text._printf_i
                0x080049c0      0x23c C:/Users/Boutros/AppData/Roaming/xPacks/@xpack-dev-tools/arm-none-eabi-gcc/13.2.1-1.1.1/.content/bin/../lib/gcc/arm-none-eabi/13.2.1/../../../../arm-none-eabi/lib/thumb/v7e-m+fp/softfp\libg_nano.a(libc_a-nano-vfprintf_i.o)
                0x080049c0                _printf_i
 .text.__sflush_r
                0x08004bfc      0x108 C:/Users/Boutros/AppData/Roaming/xPacks/@xpack-dev-tools/arm-none-eabi-gcc/13.2.1-1.1.1/.content/bin/../lib/gcc/arm-none-eabi/13.2.1/../../../../arm-none-eabi/lib/thumb/v7e-m+fp/softfp\libg_nano.a(libc_a-fflush.o)
                0x08004bfc                __sflush_r
 .text._fflush_r
                0x08004d04       0x50 C:/Users/Boutros/AppData/Roaming/xPacks/@xpack-dev-tools/arm-none-eabi-gcc/13.2.1-1.1.1/.content/bin/../lib/gcc/arm-none-eabi/13.2.1/../../../../arm-none-eabi/lib/thumb/v7e-m+fp/softfp\libg_nano.a(libc_a-fflush.o)
                0x08004d04                _fflush_r
 .text.__swhatbuf_r
                0x08004d54       0x4c C:/Users/Boutros/AppData/Roaming/xPacks/@xpack-dev-tools/arm-none-eabi-gcc/13.2.1-1.1.1/.content/bin/../lib/gcc/arm-none-eabi/13.2.1/../../../../arm-none-eabi/lib/thumb/v7e-m+fp/softfp\libg_nano.a(libc_a-makebuf.o)
                0x08004d54                __swhatbuf_r
 .text.__smakebuf_r
                0x08004da0       0x78 C:/Users/Boutros/AppData/Roaming/xPacks/@xpack-dev-tools/arm-none-eabi-gcc/13.2.1-1.1.1/.content/bin/../lib/gcc/arm-none-eabi/13.2.1/../../../../arm-none-eabi/lib/thumb/v7e-m+fp/softfp\libg_nano.a(libc_a-makebuf.o)
                0x08004da0                __smakebuf_r
 .text.memmove  0x08004e18       0x34 C:/Users/Boutros/AppData/Roaming/xPacks/@xpack-dev-tools/arm-none-eabi-gcc/13.2.1-1.1.1/.content/bin/../lib/gcc/arm-none-eabi/13.2.1/../../../../arm-none-eabi/lib/thumb/v7e-m+fp/softfp\libg_nano.a(libc_a-memmove.o)
                0x08004e18                memmove
 .text._fstat_r
                0x08004e4c       0x24 C:/Users/Boutros/AppData/Roaming/xPacks/@xpack-dev-tools/arm-none-eabi-gcc/13.2.1-1.1.1/.content/bin/../lib/gcc/arm-none-eabi/13.2.1/../../../../arm-none-eabi/lib/thumb/v7e-m+fp/softfp\libg_nano.a(libc_a-fstatr.o)
                0x08004e4c                _fstat_r
 .text._isatty_r
                0x08004e70       0x20 C:/Users/Boutros/AppData/Roaming/xPacks/@xpack-dev-tools/arm-none-eabi-gcc/13.2.1-1.1.1/.content/bin/../lib/gcc/arm-none-eabi/13.2.1/../../../../arm-none-eabi/lib/thumb/v7e-m+fp/softfp\libg_nano.a(libc_a-isattyr.o)
                0x08004e70                _isatty_r
 .text._sbrk_r  0x08004e90       0x20 C:/Users/Boutros/AppData/Roaming/xPacks/@xpack-dev-tools/arm-none-eabi-gcc/13.2.1-1.1.1/.content/bin/../lib/gcc/arm-none-eabi/13.2.1/../../../../arm-none-eabi/lib/thumb/v7e-m+fp/softfp\libg_nano.a(libc_a-sbrkr.o)
                0x08004e90                _sbrk_r
 .text          0x08004eb0       0xa0 C:/Users/Boutros/AppData/Roaming/xPacks/@xpack-dev-tools/arm-none-eabi-gcc/13.2.1-1.1.1/.content/bin/../lib/gcc/arm-none-eabi/13.2.1/../../../../arm-none-eabi/lib/thumb/v7e-m+fp/softfp\libg_nano.a(libc_a-memchr.o)
                0x08004eb0                memchr
 .text._realloc_r
                0x08004f50       0x5c C:/Users/Boutros/AppData/Roaming/xPacks/@xpack-dev-tools/arm-none-eabi-gcc/13.2.1-1.1.1/.content/bin/../lib/gcc/arm-none-eabi/13.2.1/../../../../arm-none-eabi/lib/thumb/v7e-m+fp/softfp\libg_nano.a(libc_a-reallocr.o)
                0x08004f50                _realloc_r
 .text._malloc_usable_size_r
                0x08004fac       0x10 C:/Users/Boutros/AppData/Roaming/xPacks/@xpack-dev-tools/arm-none-eabi-gcc/13.2.1-1.1.1/.content/bin/../lib/gcc/arm-none-eabi/13.2.1/../../../../arm-none-eabi/lib/thumb/v7e-m+fp/softfp\libg_nano.a(libc_a-msizer.o)
                0x08004fac                _malloc_usable_size_r
 *(.rodata .rodata.* .constdata .constdata.*)
 .rodata.HAL_NVIC_SetPriorityGrouping.str1.4
                0x08004fbc      0x3a0 ./system/src/stm32f4-hal/stm32f4xx_hal_cortex.o
                                 0x31 (size before relaxing)
 .rodata.HAL_RCC_OscConfig.str1.4
                0x0800535c       0x2e ./system/src/stm32f4-hal/stm32f4xx_hal_rcc.o
 .rodata.__assert_func.str1.4
                0x0800535c       0x43 ./system/src/newlib/assert.o
 .rodata.abort.str1.4
                0x0800535c       0x14 ./system/src/newlib/exit.o
 .rodata.initialise_monitor_handles.str1.4
                0x0800535c        0x4 ./system/src/newlib/syscalls.o
 .rodata.trace_puts.str1.4
                0x0800535c        0x2 ./system/src/diag/trace.o
 .rodata.dumpExceptionStack.str1.4
                0x0800535c      0x11a ./system/src/cortexm/exception-handlers.o
 .rodata.isSemihosting.str1.4
                0x0800535c        0x4 ./system/src/cortexm/exception-handlers.o
 .rodata.str1.4
                0x0800535c       0x2a ./system/src/cortexm/exception-handlers.o
 .rodata.AHBPrescTable
                0x0800535c       0x10 ./system/src/cmsis/system_stm32f4xx.o
                0x0800535c                AHBPrescTable
 .rodata.assert_failed.str1.4
                0x0800536c       0x2d ./src/initialize-hardware.o
 .rodata.SenderTask.str1.4
                0x0800536c        0xc ./src/main.o
 .rodata.resetCheckArrays.str1.4
                0x0800536c       0x18 ./src/main.o
 .rodata.ResetSystem.str1.4
                0x0800536c       0xf9 ./src/main.o
 .rodata.main.str1.4
                0x0800536c       0x32 ./src/main.o
 .rodata.vTaskStartScheduler.str1.4
                0x0800536c        0x5 ./FreeRTOS Source/tasks.o
 .rodata.prvCheckForValidListAndQueue.str1.4
                0x0800536c        0x5 ./FreeRTOS Source/timers.o
 .rodata.xTimerCreateTimerTask.str1.4
                0x0800536c        0x8 ./FreeRTOS Source/timers.o
 .rodata.srand.str1.1
                0x0800536c       0xbf C:/Users/Boutros/AppData/Roaming/xPacks/@xpack-dev-tools/arm-none-eabi-gcc/13.2.1-1.1.1/.content/bin/../lib/gcc/arm-none-eabi/13.2.1/../../../../arm-none-eabi/lib/thumb/v7e-m+fp/softfp\libg_nano.a(libc_a-rand.o)
                                 0x8c (size before relaxing)
 .rodata._ctype_
                0x0800542b      0x101 C:/Users/Boutros/AppData/Roaming/xPacks/@xpack-dev-tools/arm-none-eabi-gcc/13.2.1-1.1.1/.content/bin/../lib/gcc/arm-none-eabi/13.2.1/../../../../arm-none-eabi/lib/thumb/v7e-m+fp/softfp\libg_nano.a(libc_a-ctype_.o)
                0x0800542b                _ctype_
 .rodata._svfprintf_r.str1.1
                0x0800552c       0x11 C:/Users/Boutros/AppData/Roaming/xPacks/@xpack-dev-tools/arm-none-eabi-gcc/13.2.1-1.1.1/.content/bin/../lib/gcc/arm-none-eabi/13.2.1/../../../../arm-none-eabi/lib/thumb/v7e-m+fp/softfp\libg_nano.a(libc_a-nano-svfprintf.o)
 .rodata._vfprintf_r.str1.1
                0x0800552c       0x11 C:/Users/Boutros/AppData/Roaming/xPacks/@xpack-dev-tools/arm-none-eabi-gcc/13.2.1-1.1.1/.content/bin/../lib/gcc/arm-none-eabi/13.2.1/../../../../arm-none-eabi/lib/thumb/v7e-m+fp/softfp\libg_nano.a(libc_a-nano-vfprintf.o)
 .rodata._printf_i.str1.1
                0x0800552c       0x22 C:/Users/Boutros/AppData/Roaming/xPacks/@xpack-dev-tools/arm-none-eabi-gcc/13.2.1-1.1.1/.content/bin/../lib/gcc/arm-none-eabi/13.2.1/../../../../arm-none-eabi/lib/thumb/v7e-m+fp/softfp\libg_nano.a(libc_a-nano-vfprintf_i.o)
 *(vtable)
 *(.eh_frame*)
 .eh_frame      0x0800552c       0x28 C:/Users/Boutros/AppData/Roaming/xPacks/@xpack-dev-tools/arm-none-eabi-gcc/13.2.1-1.1.1/.content/bin/../lib/gcc/arm-none-eabi/13.2.1/../../../../arm-none-eabi/lib/thumb/v7e-m+fp/softfp\libg_nano.a(libc_a-strlen.o)
 .eh_frame      0x08005554       0x50 C:/Users/Boutros/AppData/Roaming/xPacks/@xpack-dev-tools/arm-none-eabi-gcc/13.2.1-1.1.1/.content/bin/../lib/gcc/arm-none-eabi/13.2.1/../../../../arm-none-eabi/lib/thumb/v7e-m+fp/softfp\libg_nano.a(libc_a-memchr.o)
 *(.glue_7)
 .glue_7        0x080055a4        0x0 linker stubs
 *(.glue_7t)
 .glue_7t       0x080055a4        0x0 linker stubs

.vfp11_veneer   0x080055a4        0x0
 .vfp11_veneer  0x080055a4        0x0 linker stubs

.v4_bx          0x080055a4        0x0
 .v4_bx         0x080055a4        0x0 linker stubs

.iplt           0x080055a4        0x0
 .iplt          0x080055a4        0x0 ./system/src/stm32f4-hal/stm32f4xx_hal.o

.ARM.extab
 *(.ARM.extab* .gnu.linkonce.armextab.*)
                0x080055a4                        . = ALIGN (0x4)
                0x080055a4                        __exidx_start = .

.ARM.exidx      0x080055a4        0x8
 *(.ARM.exidx* .gnu.linkonce.armexidx.*)
 .ARM.exidx.text.__udivmoddi4
                0x080055a4        0x8 C:/Users/Boutros/AppData/Roaming/xPacks/@xpack-dev-tools/arm-none-eabi-gcc/13.2.1-1.1.1/.content/bin/../lib/gcc/arm-none-eabi/13.2.1/thumb/v7e-m+fp/softfp\libgcc.a(_udivmoddi4.o)
 .ARM.exidx     0x080055ac        0x0 C:/Users/Boutros/AppData/Roaming/xPacks/@xpack-dev-tools/arm-none-eabi-gcc/13.2.1-1.1.1/.content/bin/../lib/gcc/arm-none-eabi/13.2.1/../../../../arm-none-eabi/lib/thumb/v7e-m+fp/softfp\libg_nano.a(libc_a-strcmp.o)
                                  0x8 (size before relaxing)
 .ARM.exidx     0x080055ac        0x0 C:/Users/Boutros/AppData/Roaming/xPacks/@xpack-dev-tools/arm-none-eabi-gcc/13.2.1-1.1.1/.content/bin/../lib/gcc/arm-none-eabi/13.2.1/../../../../arm-none-eabi/lib/thumb/v7e-m+fp/softfp\libg_nano.a(libc_a-strlen.o)
                                  0x8 (size before relaxing)
 .ARM.exidx     0x080055ac        0x0 C:/Users/Boutros/AppData/Roaming/xPacks/@xpack-dev-tools/arm-none-eabi-gcc/13.2.1-1.1.1/.content/bin/../lib/gcc/arm-none-eabi/13.2.1/../../../../arm-none-eabi/lib/thumb/v7e-m+fp/softfp\libg_nano.a(libc_a-memchr.o)
                                  0x8 (size before relaxing)
                0x080055ac                        __exidx_end = .

.rel.dyn        0x080055ac        0x0
 .rel.iplt      0x080055ac        0x0 ./system/src/stm32f4-hal/stm32f4xx_hal.o
                0x080055ac                        . = ALIGN (0x4)
                0x080055ac                        _etext = .
                0x080055ac                        __etext = .

.data_CCMRAM    0x10000000        0x0 load address 0x080055ac
 FILL mask 0xff
 *(.data.CCMRAM .data.CCMRAM.*)
                0x10000000                        . = ALIGN (0x4)
                0x080055ac                        _sidata = LOADADDR (.data)

.data           0x20000000       0xa4 load address 0x080055ac
 FILL mask 0xff
                0x20000000                        _sdata = .
                0x20000000                        __data_start__ = .
 *(.data_begin .data_begin.*)
 .data_begin    0x20000000        0x4 ./system/src/newlib/startup.o
 *(.data .data.*)
 .data.uwTickFreq
                0x20000004        0x1 ./system/src/stm32f4-hal/stm32f4xx_hal.o
                0x20000004                uwTickFreq
 *fill*         0x20000005        0x3 ff
 .data.uwTickPrio
                0x20000008        0x4 ./system/src/stm32f4-hal/stm32f4xx_hal.o
                0x20000008                uwTickPrio
 .data.SystemCoreClock
                0x2000000c        0x4 ./system/src/cmsis/system_stm32f4xx.o
                0x2000000c                SystemCoreClock
 .data.upperBoundOfTimers
                0x20000010       0x18 ./src/main.o
                0x20000010                upperBoundOfTimers
 .data.lowerBoundOfTimers
                0x20000028       0x18 ./src/main.o
                0x20000028                lowerBoundOfTimers
 .data.uxCriticalNesting
                0x20000040        0x4 ./FreeRTOS Source/portable/GCC/ARM_CM4F/port.o
 .data.__sglue  0x20000044        0xc C:/Users/Boutros/AppData/Roaming/xPacks/@xpack-dev-tools/arm-none-eabi-gcc/13.2.1-1.1.1/.content/bin/../lib/gcc/arm-none-eabi/13.2.1/../../../../arm-none-eabi/lib/thumb/v7e-m+fp/softfp\libg_nano.a(libc_a-findfp.o)
                0x20000044                __sglue
 .data._impure_ptr
                0x20000050        0x4 C:/Users/Boutros/AppData/Roaming/xPacks/@xpack-dev-tools/arm-none-eabi-gcc/13.2.1-1.1.1/.content/bin/../lib/gcc/arm-none-eabi/13.2.1/../../../../arm-none-eabi/lib/thumb/v7e-m+fp/softfp\libg_nano.a(libc_a-impure.o)
                0x20000050                _impure_ptr
 .data._impure_data
                0x20000054       0x4c C:/Users/Boutros/AppData/Roaming/xPacks/@xpack-dev-tools/arm-none-eabi-gcc/13.2.1-1.1.1/.content/bin/../lib/gcc/arm-none-eabi/13.2.1/../../../../arm-none-eabi/lib/thumb/v7e-m+fp/softfp\libg_nano.a(libc_a-impure.o)
                0x20000054                _impure_data
 *(.data_end .data_end.*)
 .data_end      0x200000a0        0x4 ./system/src/newlib/startup.o
                0x200000a4                        . = ALIGN (0x4)
                0x200000a4                        _edata = .
                0x200000a4                        __data_end__ = .

.igot.plt       0x200000a4        0x0 load address 0x08005650
 .igot.plt      0x200000a4        0x0 ./system/src/stm32f4-hal/stm32f4xx_hal.o

.bss_CCMRAM     0x10000000        0x0
 *(.bss.CCMRAM .bss.CCMRAM.*)

.bss            0x200000a4    0x1310c
                0x200000a4                        __bss_start__ = .
                0x200000a4                        _sbss = .
 *(.bss_begin .bss_begin.*)
 .bss_begin     0x200000a4        0x4 ./system/src/newlib/startup.o
 *(.bss .bss.*)
 .bss.uwTick    0x200000a8        0x4 ./system/src/stm32f4-hal/stm32f4xx_hal.o
                0x200000a8                uwTick
 .bss.current_heap_end.0
                0x200000ac        0x4 ./system/src/newlib/sbrk.o
 .bss.argv_buf.0
                0x200000b0       0x28 ./system/src/newlib/syscalls.o
 .bss.args_buf.1
                0x200000d8       0x50 ./system/src/newlib/syscalls.o
 .bss.monitor_stderr
                0x20000128        0x4 ./system/src/newlib/syscalls.o
 .bss.monitor_stdout
                0x2000012c        0x4 ./system/src/newlib/syscalls.o
 .bss.monitor_stdin
                0x20000130        0x4 ./system/src/newlib/syscalls.o
 .bss.openfiles
                0x20000134       0xa0 ./system/src/newlib/syscalls.o
 .bss.errno     0x200001d4        0x4 ./system/src/newlib/syscalls.o
                0x200001d4                errno
 .bss.buf.0     0x200001d8       0x80 ./system/src/diag/trace.o
 .bss.first_time.0
                0x20000258        0x4 ./src/main.o
 .bss.boundIndex
                0x2000025c        0x4 ./src/main.o
                0x2000025c                boundIndex
 .bss.tick_count
                0x20000260        0x4 ./src/main.o
                0x20000260                tick_count
 .bss.total_blocked_messages
                0x20000264        0x4 ./src/main.o
                0x20000264                total_blocked_messages
 .bss.total_succesful_sent_messages
                0x20000268        0x4 ./src/main.o
                0x20000268                total_succesful_sent_messages
 .bss.total_sent_messages
                0x2000026c        0xc ./src/main.o
                0x2000026c                total_sent_messages
 .bss.sum_of_periods
                0x20000278        0xc ./src/main.o
                0x20000278                sum_of_periods
 .bss.receivedMessages
                0x20000284        0x4 ./src/main.o
                0x20000284                receivedMessages
 .bss.blockedMessages
                0x20000288        0xc ./src/main.o
                0x20000288                blockedMessages
 .bss.sentMessages
                0x20000294        0xc ./src/main.o
                0x20000294                sentMessages
 .bss.xReceiverTimer
                0x200002a0        0x4 ./src/main.o
                0x200002a0                xReceiverTimer
 .bss.xSenderTimer
                0x200002a4        0xc ./src/main.o
                0x200002a4                xSenderTimer
 .bss.xReceiverSemaphore
                0x200002b0        0x4 ./src/main.o
                0x200002b0                xReceiverSemaphore
 .bss.xSenderSemaphore
                0x200002b4        0xc ./src/main.o
                0x200002b4                xSenderSemaphore
 .bss.xQueue    0x200002c0        0x4 ./src/main.o
                0x200002c0                xQueue
 .bss.xBlockAllocatedBit
                0x200002c4        0x4 ./FreeRTOS Source/portable/MemMang/heap_4.o
 .bss.xMinimumEverFreeBytesRemaining
                0x200002c8        0x4 ./FreeRTOS Source/portable/MemMang/heap_4.o
 .bss.xFreeBytesRemaining
                0x200002cc        0x4 ./FreeRTOS Source/portable/MemMang/heap_4.o
 .bss.pxEnd     0x200002d0        0x4 ./FreeRTOS Source/portable/MemMang/heap_4.o
 .bss.xStart    0x200002d4        0x8 ./FreeRTOS Source/portable/MemMang/heap_4.o
 .bss.ucHeap    0x200002dc    0x12c00 ./FreeRTOS Source/portable/MemMang/heap_4.o
 .bss.ulMaxPRIGROUPValue
                0x20012edc        0x4 ./FreeRTOS Source/portable/GCC/ARM_CM4F/port.o
 .bss.ucMaxSysCallPriority
                0x20012ee0        0x1 ./FreeRTOS Source/portable/GCC/ARM_CM4F/port.o
 *fill*         0x20012ee1        0x3 
 .bss.xQueueRegistry
                0x20012ee4       0x40 ./FreeRTOS Source/queue.o
                0x20012ee4                xQueueRegistry
 .bss.uxSchedulerSuspended
                0x20012f24        0x4 ./FreeRTOS Source/tasks.o
 .bss.xIdleTaskHandle
                0x20012f28        0x4 ./FreeRTOS Source/tasks.o
 .bss.xNextTaskUnblockTime
                0x20012f2c        0x4 ./FreeRTOS Source/tasks.o
 .bss.uxTaskNumber
                0x20012f30        0x4 ./FreeRTOS Source/tasks.o
 .bss.xNumOfOverflows
                0x20012f34        0x4 ./FreeRTOS Source/tasks.o
 .bss.xYieldPending
                0x20012f38        0x4 ./FreeRTOS Source/tasks.o
 .bss.uxPendedTicks
                0x20012f3c        0x4 ./FreeRTOS Source/tasks.o
 .bss.xSchedulerRunning
                0x20012f40        0x4 ./FreeRTOS Source/tasks.o
 .bss.uxTopReadyPriority
                0x20012f44        0x4 ./FreeRTOS Source/tasks.o
 .bss.xTickCount
                0x20012f48        0x4 ./FreeRTOS Source/tasks.o
 .bss.uxCurrentNumberOfTasks
                0x20012f4c        0x4 ./FreeRTOS Source/tasks.o
 .bss.xSuspendedTaskList
                0x20012f50       0x14 ./FreeRTOS Source/tasks.o
 .bss.uxDeletedTasksWaitingCleanUp
                0x20012f64        0x4 ./FreeRTOS Source/tasks.o
 .bss.xTasksWaitingTermination
                0x20012f68       0x14 ./FreeRTOS Source/tasks.o
 .bss.xPendingReadyList
                0x20012f7c       0x14 ./FreeRTOS Source/tasks.o
 .bss.pxOverflowDelayedTaskList
                0x20012f90        0x4 ./FreeRTOS Source/tasks.o
 .bss.pxDelayedTaskList
                0x20012f94        0x4 ./FreeRTOS Source/tasks.o
 .bss.xDelayedTaskList2
                0x20012f98       0x14 ./FreeRTOS Source/tasks.o
 .bss.xDelayedTaskList1
                0x20012fac       0x14 ./FreeRTOS Source/tasks.o
 .bss.pxReadyTasksLists
                0x20012fc0       0x64 ./FreeRTOS Source/tasks.o
 .bss.pxCurrentTCB
                0x20013024        0x4 ./FreeRTOS Source/tasks.o
                0x20013024                pxCurrentTCB
 .bss.xLastTime.0
                0x20013028        0x4 ./FreeRTOS Source/timers.o
 .bss.xTimerTaskHandle
                0x2001302c        0x4 ./FreeRTOS Source/timers.o
 .bss.xTimerQueue
                0x20013030        0x4 ./FreeRTOS Source/timers.o
 .bss.pxOverflowTimerList
                0x20013034        0x4 ./FreeRTOS Source/timers.o
 .bss.pxCurrentTimerList
                0x20013038        0x4 ./FreeRTOS Source/timers.o
 .bss.xActiveTimerList2
                0x2001303c       0x14 ./FreeRTOS Source/timers.o
 .bss.xActiveTimerList1
                0x20013050       0x14 ./FreeRTOS Source/timers.o
 .bss.__sf      0x20013064      0x138 C:/Users/Boutros/AppData/Roaming/xPacks/@xpack-dev-tools/arm-none-eabi-gcc/13.2.1-1.1.1/.content/bin/../lib/gcc/arm-none-eabi/13.2.1/../../../../arm-none-eabi/lib/thumb/v7e-m+fp/softfp\libg_nano.a(libc_a-findfp.o)
                0x20013064                __sf
 .bss.__stdio_exit_handler
                0x2001319c        0x4 C:/Users/Boutros/AppData/Roaming/xPacks/@xpack-dev-tools/arm-none-eabi-gcc/13.2.1-1.1.1/.content/bin/../lib/gcc/arm-none-eabi/13.2.1/../../../../arm-none-eabi/lib/thumb/v7e-m+fp/softfp\libg_nano.a(libc_a-findfp.o)
                0x2001319c                __stdio_exit_handler
 .bss.__lock___malloc_recursive_mutex
                0x200131a0        0x1 C:/Users/Boutros/AppData/Roaming/xPacks/@xpack-dev-tools/arm-none-eabi-gcc/13.2.1-1.1.1/.content/bin/../lib/gcc/arm-none-eabi/13.2.1/../../../../arm-none-eabi/lib/thumb/v7e-m+fp/softfp\libg_nano.a(libc_a-lock.o)
                0x200131a0                __lock___malloc_recursive_mutex
 .bss.__lock___sfp_recursive_mutex
                0x200131a1        0x1 C:/Users/Boutros/AppData/Roaming/xPacks/@xpack-dev-tools/arm-none-eabi-gcc/13.2.1-1.1.1/.content/bin/../lib/gcc/arm-none-eabi/13.2.1/../../../../arm-none-eabi/lib/thumb/v7e-m+fp/softfp\libg_nano.a(libc_a-lock.o)
                0x200131a1                __lock___sfp_recursive_mutex
 *fill*         0x200131a2        0x2 
 .bss.__malloc_sbrk_start
                0x200131a4        0x4 C:/Users/Boutros/AppData/Roaming/xPacks/@xpack-dev-tools/arm-none-eabi-gcc/13.2.1-1.1.1/.content/bin/../lib/gcc/arm-none-eabi/13.2.1/../../../../arm-none-eabi/lib/thumb/v7e-m+fp/softfp\libg_nano.a(libc_a-mallocr.o)
                0x200131a4                __malloc_sbrk_start
 .bss.__malloc_free_list
                0x200131a8        0x4 C:/Users/Boutros/AppData/Roaming/xPacks/@xpack-dev-tools/arm-none-eabi-gcc/13.2.1-1.1.1/.content/bin/../lib/gcc/arm-none-eabi/13.2.1/../../../../arm-none-eabi/lib/thumb/v7e-m+fp/softfp\libg_nano.a(libc_a-mallocr.o)
                0x200131a8                __malloc_free_list
 *(COMMON)
 *(.bss_end .bss_end.*)
 .bss_end       0x200131ac        0x4 ./system/src/newlib/startup.o
                0x200131b0                        . = ALIGN (0x4)
                0x200131b0                        __bss_end__ = .
                0x200131b0                        _ebss = .

.noinit_CCMRAM
 *(.noinit.CCMRAM .noinit.CCMRAM.*)

.noinit         0x200131b0        0x0
                0x200131b0                        _noinit = .
 *(.noinit .noinit.*)
                0x200131b0                        . = ALIGN (0x4)
                0x200131b0                        _end_noinit = .
                [!provide]                        PROVIDE (end = _end_noinit)
                [!provide]                        PROVIDE (_end = _end_noinit)
                [!provide]                        PROVIDE (__end = _end_noinit)
                [!provide]                        PROVIDE (__end__ = _end_noinit)

._check_stack   0x200131b0      0x100
                0x200132b0                        . = (. + _Minimum_Stack_Size)
 *fill*         0x200131b0      0x100 

.b1text
 *(.b1text)
 *(.b1rodata)
 *(.b1rodata.*)

.eb0text
 *(.eb0text)
 *(.eb0rodata)
 *(.eb0rodata.*)

.eb1text
 *(.eb1text)
 *(.eb1rodata)
 *(.eb1rodata.*)

.eb2text
 *(.eb2text)
 *(.eb2rodata)
 *(.eb2rodata.*)

.eb3text
 *(.eb3text)
 *(.eb3rodata)
 *(.eb3rodata.*)

.stab
 *(.stab)

.stabstr
 *(.stabstr)

.stab.excl
 *(.stab.excl)

.stab.exclstr
 *(.stab.exclstr)

.stab.index
 *(.stab.index)

.stab.indexstr
 *(.stab.indexstr)

.comment        0x00000000       0x39
 *(.comment)
 .comment       0x00000000       0x39 ./system/src/stm32f4-hal/stm32f4xx_hal.o
                                 0x3a (size before relaxing)
 .comment       0x00000039       0x3a ./system/src/stm32f4-hal/stm32f4xx_hal_cortex.o
 .comment       0x00000039       0x3a ./system/src/stm32f4-hal/stm32f4xx_hal_rcc.o
 .comment       0x00000039       0x3a ./system/src/newlib/assert.o
 .comment       0x00000039       0x3a ./system/src/newlib/exit.o
 .comment       0x00000039       0x3a ./system/src/newlib/sbrk.o
 .comment       0x00000039       0x3a ./system/src/newlib/startup.o
 .comment       0x00000039       0x3a ./system/src/newlib/syscalls.o
 .comment       0x00000039       0x3a ./system/src/diag/trace-impl.o
 .comment       0x00000039       0x3a ./system/src/diag/trace.o
 .comment       0x00000039       0x3a ./system/src/cortexm/exception-handlers.o
 .comment       0x00000039       0x3a ./system/src/cortexm/initialize-hardware.o
 .comment       0x00000039       0x3a ./system/src/cmsis/system_stm32f4xx.o
 .comment       0x00000039       0x3a ./system/src/cmsis/vectors_stm32f407xx.o
 .comment       0x00000039       0x3a ./src/initialize-hardware.o
 .comment       0x00000039       0x3a ./src/main.o
 .comment       0x00000039       0x3a ./src/stm32f4xx_hal_msp.o
 .comment       0x00000039       0x3a ./FreeRTOS Source/portable/MemMang/heap_4.o
 .comment       0x00000039       0x3a ./FreeRTOS Source/portable/GCC/ARM_CM4F/port.o
 .comment       0x00000039       0x3a ./FreeRTOS Source/list.o
 .comment       0x00000039       0x3a ./FreeRTOS Source/queue.o
 .comment       0x00000039       0x3a ./FreeRTOS Source/tasks.o
 .comment       0x00000039       0x3a ./FreeRTOS Source/timers.o
 .comment       0x00000039       0x3a C:/Users/Boutros/AppData/Roaming/xPacks/@xpack-dev-tools/arm-none-eabi-gcc/13.2.1-1.1.1/.content/bin/../lib/gcc/arm-none-eabi/13.2.1/thumb/v7e-m+fp/softfp\libgcc.a(_udivmoddi4.o)
 .comment       0x00000039       0x3a C:/Users/Boutros/AppData/Roaming/xPacks/@xpack-dev-tools/arm-none-eabi-gcc/13.2.1-1.1.1/.content/bin/../lib/gcc/arm-none-eabi/13.2.1/../../../../arm-none-eabi/lib/thumb/v7e-m+fp/softfp\libg_nano.a(libc_a-exit.o)
 .comment       0x00000039       0x3a C:/Users/Boutros/AppData/Roaming/xPacks/@xpack-dev-tools/arm-none-eabi-gcc/13.2.1-1.1.1/.content/bin/../lib/gcc/arm-none-eabi/13.2.1/../../../../arm-none-eabi/lib/thumb/v7e-m+fp/softfp\libg_nano.a(libc_a-rand.o)
 .comment       0x00000039       0x3a C:/Users/Boutros/AppData/Roaming/xPacks/@xpack-dev-tools/arm-none-eabi-gcc/13.2.1-1.1.1/.content/bin/../lib/gcc/arm-none-eabi/13.2.1/../../../../arm-none-eabi/lib/thumb/v7e-m+fp/softfp\libg_nano.a(libc_a-ctype_.o)
 .comment       0x00000039       0x3a C:/Users/Boutros/AppData/Roaming/xPacks/@xpack-dev-tools/arm-none-eabi-gcc/13.2.1-1.1.1/.content/bin/../lib/gcc/arm-none-eabi/13.2.1/../../../../arm-none-eabi/lib/thumb/v7e-m+fp/softfp\libg_nano.a(libc_a-findfp.o)
 .comment       0x00000039       0x3a C:/Users/Boutros/AppData/Roaming/xPacks/@xpack-dev-tools/arm-none-eabi-gcc/13.2.1-1.1.1/.content/bin/../lib/gcc/arm-none-eabi/13.2.1/../../../../arm-none-eabi/lib/thumb/v7e-m+fp/softfp\libg_nano.a(libc_a-fwalk.o)
 .comment       0x00000039       0x3a C:/Users/Boutros/AppData/Roaming/xPacks/@xpack-dev-tools/arm-none-eabi-gcc/13.2.1-1.1.1/.content/bin/../lib/gcc/arm-none-eabi/13.2.1/../../../../arm-none-eabi/lib/thumb/v7e-m+fp/softfp\libg_nano.a(libc_a-printf.o)
 .comment       0x00000039       0x3a C:/Users/Boutros/AppData/Roaming/xPacks/@xpack-dev-tools/arm-none-eabi-gcc/13.2.1-1.1.1/.content/bin/../lib/gcc/arm-none-eabi/13.2.1/../../../../arm-none-eabi/lib/thumb/v7e-m+fp/softfp\libg_nano.a(libc_a-puts.o)
 .comment       0x00000039       0x3a C:/Users/Boutros/AppData/Roaming/xPacks/@xpack-dev-tools/arm-none-eabi-gcc/13.2.1-1.1.1/.content/bin/../lib/gcc/arm-none-eabi/13.2.1/../../../../arm-none-eabi/lib/thumb/v7e-m+fp/softfp\libg_nano.a(libc_a-snprintf.o)
 .comment       0x00000039       0x3a C:/Users/Boutros/AppData/Roaming/xPacks/@xpack-dev-tools/arm-none-eabi-gcc/13.2.1-1.1.1/.content/bin/../lib/gcc/arm-none-eabi/13.2.1/../../../../arm-none-eabi/lib/thumb/v7e-m+fp/softfp\libg_nano.a(libc_a-stdio.o)
 .comment       0x00000039       0x3a C:/Users/Boutros/AppData/Roaming/xPacks/@xpack-dev-tools/arm-none-eabi-gcc/13.2.1-1.1.1/.content/bin/../lib/gcc/arm-none-eabi/13.2.1/../../../../arm-none-eabi/lib/thumb/v7e-m+fp/softfp\libg_nano.a(libc_a-vsnprintf.o)
 .comment       0x00000039       0x3a C:/Users/Boutros/AppData/Roaming/xPacks/@xpack-dev-tools/arm-none-eabi-gcc/13.2.1-1.1.1/.content/bin/../lib/gcc/arm-none-eabi/13.2.1/../../../../arm-none-eabi/lib/thumb/v7e-m+fp/softfp\libg_nano.a(libc_a-wbuf.o)
 .comment       0x00000039       0x3a C:/Users/Boutros/AppData/Roaming/xPacks/@xpack-dev-tools/arm-none-eabi-gcc/13.2.1-1.1.1/.content/bin/../lib/gcc/arm-none-eabi/13.2.1/../../../../arm-none-eabi/lib/thumb/v7e-m+fp/softfp\libg_nano.a(libc_a-wsetup.o)
 .comment       0x00000039       0x3a C:/Users/Boutros/AppData/Roaming/xPacks/@xpack-dev-tools/arm-none-eabi-gcc/13.2.1-1.1.1/.content/bin/../lib/gcc/arm-none-eabi/13.2.1/../../../../arm-none-eabi/lib/thumb/v7e-m+fp/softfp\libg_nano.a(libc_a-memset.o)
 .comment       0x00000039       0x3a C:/Users/Boutros/AppData/Roaming/xPacks/@xpack-dev-tools/arm-none-eabi-gcc/13.2.1-1.1.1/.content/bin/../lib/gcc/arm-none-eabi/13.2.1/../../../../arm-none-eabi/lib/thumb/v7e-m+fp/softfp\libg_nano.a(libc_a-time.o)
 .comment       0x00000039       0x3a C:/Users/Boutros/AppData/Roaming/xPacks/@xpack-dev-tools/arm-none-eabi-gcc/13.2.1-1.1.1/.content/bin/../lib/gcc/arm-none-eabi/13.2.1/../../../../arm-none-eabi/lib/thumb/v7e-m+fp/softfp\libg_nano.a(libc_a-closer.o)
 .comment       0x00000039       0x3a C:/Users/Boutros/AppData/Roaming/xPacks/@xpack-dev-tools/arm-none-eabi-gcc/13.2.1-1.1.1/.content/bin/../lib/gcc/arm-none-eabi/13.2.1/../../../../arm-none-eabi/lib/thumb/v7e-m+fp/softfp\libg_nano.a(libc_a-impure.o)
 .comment       0x00000039       0x3a C:/Users/Boutros/AppData/Roaming/xPacks/@xpack-dev-tools/arm-none-eabi-gcc/13.2.1-1.1.1/.content/bin/../lib/gcc/arm-none-eabi/13.2.1/../../../../arm-none-eabi/lib/thumb/v7e-m+fp/softfp\libg_nano.a(libc_a-gettimeofdayr.o)
 .comment       0x00000039       0x3a C:/Users/Boutros/AppData/Roaming/xPacks/@xpack-dev-tools/arm-none-eabi-gcc/13.2.1-1.1.1/.content/bin/../lib/gcc/arm-none-eabi/13.2.1/../../../../arm-none-eabi/lib/thumb/v7e-m+fp/softfp\libg_nano.a(libc_a-lseekr.o)
 .comment       0x00000039       0x3a C:/Users/Boutros/AppData/Roaming/xPacks/@xpack-dev-tools/arm-none-eabi-gcc/13.2.1-1.1.1/.content/bin/../lib/gcc/arm-none-eabi/13.2.1/../../../../arm-none-eabi/lib/thumb/v7e-m+fp/softfp\libg_nano.a(libc_a-readr.o)
 .comment       0x00000039       0x3a C:/Users/Boutros/AppData/Roaming/xPacks/@xpack-dev-tools/arm-none-eabi-gcc/13.2.1-1.1.1/.content/bin/../lib/gcc/arm-none-eabi/13.2.1/../../../../arm-none-eabi/lib/thumb/v7e-m+fp/softfp\libg_nano.a(libc_a-writer.o)
 .comment       0x00000039       0x3a C:/Users/Boutros/AppData/Roaming/xPacks/@xpack-dev-tools/arm-none-eabi-gcc/13.2.1-1.1.1/.content/bin/../lib/gcc/arm-none-eabi/13.2.1/../../../../arm-none-eabi/lib/thumb/v7e-m+fp/softfp\libg_nano.a(libc_a-errno.o)
 .comment       0x00000039       0x3a C:/Users/Boutros/AppData/Roaming/xPacks/@xpack-dev-tools/arm-none-eabi-gcc/13.2.1-1.1.1/.content/bin/../lib/gcc/arm-none-eabi/13.2.1/../../../../arm-none-eabi/lib/thumb/v7e-m+fp/softfp\libg_nano.a(libc_a-lock.o)
 .comment       0x00000039       0x3a C:/Users/Boutros/AppData/Roaming/xPacks/@xpack-dev-tools/arm-none-eabi-gcc/13.2.1-1.1.1/.content/bin/../lib/gcc/arm-none-eabi/13.2.1/../../../../arm-none-eabi/lib/thumb/v7e-m+fp/softfp\libg_nano.a(libc_a-memcpy-stub.o)
 .comment       0x00000039       0x3a C:/Users/Boutros/AppData/Roaming/xPacks/@xpack-dev-tools/arm-none-eabi-gcc/13.2.1-1.1.1/.content/bin/../lib/gcc/arm-none-eabi/13.2.1/../../../../arm-none-eabi/lib/thumb/v7e-m+fp/softfp\libg_nano.a(libc_a-freer.o)
 .comment       0x00000039       0x3a C:/Users/Boutros/AppData/Roaming/xPacks/@xpack-dev-tools/arm-none-eabi-gcc/13.2.1-1.1.1/.content/bin/../lib/gcc/arm-none-eabi/13.2.1/../../../../arm-none-eabi/lib/thumb/v7e-m+fp/softfp\libg_nano.a(libc_a-malloc.o)
 .comment       0x00000039       0x3a C:/Users/Boutros/AppData/Roaming/xPacks/@xpack-dev-tools/arm-none-eabi-gcc/13.2.1-1.1.1/.content/bin/../lib/gcc/arm-none-eabi/13.2.1/../../../../arm-none-eabi/lib/thumb/v7e-m+fp/softfp\libg_nano.a(libc_a-mallocr.o)
 .comment       0x00000039       0x3a C:/Users/Boutros/AppData/Roaming/xPacks/@xpack-dev-tools/arm-none-eabi-gcc/13.2.1-1.1.1/.content/bin/../lib/gcc/arm-none-eabi/13.2.1/../../../../arm-none-eabi/lib/thumb/v7e-m+fp/softfp\libg_nano.a(libc_a-mlock.o)
 .comment       0x00000039       0x3a C:/Users/Boutros/AppData/Roaming/xPacks/@xpack-dev-tools/arm-none-eabi-gcc/13.2.1-1.1.1/.content/bin/../lib/gcc/arm-none-eabi/13.2.1/../../../../arm-none-eabi/lib/thumb/v7e-m+fp/softfp\libg_nano.a(libc_a-nano-svfprintf.o)
 .comment       0x00000039       0x3a C:/Users/Boutros/AppData/Roaming/xPacks/@xpack-dev-tools/arm-none-eabi-gcc/13.2.1-1.1.1/.content/bin/../lib/gcc/arm-none-eabi/13.2.1/../../../../arm-none-eabi/lib/thumb/v7e-m+fp/softfp\libg_nano.a(libc_a-nano-vfprintf.o)
 .comment       0x00000039       0x3a C:/Users/Boutros/AppData/Roaming/xPacks/@xpack-dev-tools/arm-none-eabi-gcc/13.2.1-1.1.1/.content/bin/../lib/gcc/arm-none-eabi/13.2.1/../../../../arm-none-eabi/lib/thumb/v7e-m+fp/softfp\libg_nano.a(libc_a-nano-vfprintf_i.o)
 .comment       0x00000039       0x3a C:/Users/Boutros/AppData/Roaming/xPacks/@xpack-dev-tools/arm-none-eabi-gcc/13.2.1-1.1.1/.content/bin/../lib/gcc/arm-none-eabi/13.2.1/../../../../arm-none-eabi/lib/thumb/v7e-m+fp/softfp\libg_nano.a(libc_a-fflush.o)
 .comment       0x00000039       0x3a C:/Users/Boutros/AppData/Roaming/xPacks/@xpack-dev-tools/arm-none-eabi-gcc/13.2.1-1.1.1/.content/bin/../lib/gcc/arm-none-eabi/13.2.1/../../../../arm-none-eabi/lib/thumb/v7e-m+fp/softfp\libg_nano.a(libc_a-makebuf.o)
 .comment       0x00000039       0x3a C:/Users/Boutros/AppData/Roaming/xPacks/@xpack-dev-tools/arm-none-eabi-gcc/13.2.1-1.1.1/.content/bin/../lib/gcc/arm-none-eabi/13.2.1/../../../../arm-none-eabi/lib/thumb/v7e-m+fp/softfp\libg_nano.a(libc_a-memmove.o)
 .comment       0x00000039       0x3a C:/Users/Boutros/AppData/Roaming/xPacks/@xpack-dev-tools/arm-none-eabi-gcc/13.2.1-1.1.1/.content/bin/../lib/gcc/arm-none-eabi/13.2.1/../../../../arm-none-eabi/lib/thumb/v7e-m+fp/softfp\libg_nano.a(libc_a-fstatr.o)
 .comment       0x00000039       0x3a C:/Users/Boutros/AppData/Roaming/xPacks/@xpack-dev-tools/arm-none-eabi-gcc/13.2.1-1.1.1/.content/bin/../lib/gcc/arm-none-eabi/13.2.1/../../../../arm-none-eabi/lib/thumb/v7e-m+fp/softfp\libg_nano.a(libc_a-isattyr.o)
 .comment       0x00000039       0x3a C:/Users/Boutros/AppData/Roaming/xPacks/@xpack-dev-tools/arm-none-eabi-gcc/13.2.1-1.1.1/.content/bin/../lib/gcc/arm-none-eabi/13.2.1/../../../../arm-none-eabi/lib/thumb/v7e-m+fp/softfp\libg_nano.a(libc_a-sbrkr.o)
 .comment       0x00000039       0x3a C:/Users/Boutros/AppData/Roaming/xPacks/@xpack-dev-tools/arm-none-eabi-gcc/13.2.1-1.1.1/.content/bin/../lib/gcc/arm-none-eabi/13.2.1/../../../../arm-none-eabi/lib/thumb/v7e-m+fp/softfp\libg_nano.a(libc_a-reallocr.o)
 .comment       0x00000039       0x3a C:/Users/Boutros/AppData/Roaming/xPacks/@xpack-dev-tools/arm-none-eabi-gcc/13.2.1-1.1.1/.content/bin/../lib/gcc/arm-none-eabi/13.2.1/../../../../arm-none-eabi/lib/thumb/v7e-m+fp/softfp\libg_nano.a(libc_a-msizer.o)

.ARM.attributes
                0x00000000       0x30
 .ARM.attributes
                0x00000000       0x32 ./system/src/stm32f4-hal/stm32f4xx_hal.o
 .ARM.attributes
                0x00000032       0x32 ./system/src/stm32f4-hal/stm32f4xx_hal_cortex.o
 .ARM.attributes
                0x00000064       0x32 ./system/src/stm32f4-hal/stm32f4xx_hal_rcc.o
 .ARM.attributes
                0x00000096       0x32 ./system/src/newlib/assert.o
 .ARM.attributes
                0x000000c8       0x32 ./system/src/newlib/exit.o
 .ARM.attributes
                0x000000fa       0x32 ./system/src/newlib/sbrk.o
 .ARM.attributes
                0x0000012c       0x32 ./system/src/newlib/startup.o
 .ARM.attributes
                0x0000015e       0x32 ./system/src/newlib/syscalls.o
 .ARM.attributes
                0x00000190       0x32 ./system/src/diag/trace-impl.o
 .ARM.attributes
                0x000001c2       0x32 ./system/src/diag/trace.o
 .ARM.attributes
                0x000001f4       0x32 ./system/src/cortexm/exception-handlers.o
 .ARM.attributes
                0x00000226       0x32 ./system/src/cortexm/initialize-hardware.o
 .ARM.attributes
                0x00000258       0x32 ./system/src/cmsis/system_stm32f4xx.o
 .ARM.attributes
                0x0000028a       0x32 ./system/src/cmsis/vectors_stm32f407xx.o
 .ARM.attributes
                0x000002bc       0x32 ./src/initialize-hardware.o
 .ARM.attributes
                0x000002ee       0x32 ./src/main.o
 .ARM.attributes
                0x00000320       0x32 ./src/stm32f4xx_hal_msp.o
 .ARM.attributes
                0x00000352       0x32 ./FreeRTOS Source/portable/MemMang/heap_4.o
 .ARM.attributes
                0x00000384       0x32 ./FreeRTOS Source/portable/GCC/ARM_CM4F/port.o
 .ARM.attributes
                0x000003b6       0x32 ./FreeRTOS Source/list.o
 .ARM.attributes
                0x000003e8       0x32 ./FreeRTOS Source/queue.o
 .ARM.attributes
                0x0000041a       0x32 ./FreeRTOS Source/tasks.o
 .ARM.attributes
                0x0000044c       0x32 ./FreeRTOS Source/timers.o
 .ARM.attributes
                0x0000047e       0x22 C:/Users/Boutros/AppData/Roaming/xPacks/@xpack-dev-tools/arm-none-eabi-gcc/13.2.1-1.1.1/.content/bin/../lib/gcc/arm-none-eabi/13.2.1/thumb/v7e-m+fp/softfp\libgcc.a(_aeabi_uldivmod.o)
 .ARM.attributes
                0x000004a0       0x32 C:/Users/Boutros/AppData/Roaming/xPacks/@xpack-dev-tools/arm-none-eabi-gcc/13.2.1-1.1.1/.content/bin/../lib/gcc/arm-none-eabi/13.2.1/thumb/v7e-m+fp/softfp\libgcc.a(_udivmoddi4.o)
 .ARM.attributes
                0x000004d2       0x22 C:/Users/Boutros/AppData/Roaming/xPacks/@xpack-dev-tools/arm-none-eabi-gcc/13.2.1-1.1.1/.content/bin/../lib/gcc/arm-none-eabi/13.2.1/thumb/v7e-m+fp/softfp\libgcc.a(_dvmd_tls.o)
 .ARM.attributes
                0x000004f4       0x32 C:/Users/Boutros/AppData/Roaming/xPacks/@xpack-dev-tools/arm-none-eabi-gcc/13.2.1-1.1.1/.content/bin/../lib/gcc/arm-none-eabi/13.2.1/../../../../arm-none-eabi/lib/thumb/v7e-m+fp/softfp\libg_nano.a(libc_a-exit.o)
 .ARM.attributes
                0x00000526       0x32 C:/Users/Boutros/AppData/Roaming/xPacks/@xpack-dev-tools/arm-none-eabi-gcc/13.2.1-1.1.1/.content/bin/../lib/gcc/arm-none-eabi/13.2.1/../../../../arm-none-eabi/lib/thumb/v7e-m+fp/softfp\libg_nano.a(libc_a-rand.o)
 .ARM.attributes
                0x00000558       0x32 C:/Users/Boutros/AppData/Roaming/xPacks/@xpack-dev-tools/arm-none-eabi-gcc/13.2.1-1.1.1/.content/bin/../lib/gcc/arm-none-eabi/13.2.1/../../../../arm-none-eabi/lib/thumb/v7e-m+fp/softfp\libg_nano.a(libc_a-ctype_.o)
 .ARM.attributes
                0x0000058a       0x32 C:/Users/Boutros/AppData/Roaming/xPacks/@xpack-dev-tools/arm-none-eabi-gcc/13.2.1-1.1.1/.content/bin/../lib/gcc/arm-none-eabi/13.2.1/../../../../arm-none-eabi/lib/thumb/v7e-m+fp/softfp\libg_nano.a(libc_a-findfp.o)
 .ARM.attributes
                0x000005bc       0x32 C:/Users/Boutros/AppData/Roaming/xPacks/@xpack-dev-tools/arm-none-eabi-gcc/13.2.1-1.1.1/.content/bin/../lib/gcc/arm-none-eabi/13.2.1/../../../../arm-none-eabi/lib/thumb/v7e-m+fp/softfp\libg_nano.a(libc_a-fwalk.o)
 .ARM.attributes
                0x000005ee       0x32 C:/Users/Boutros/AppData/Roaming/xPacks/@xpack-dev-tools/arm-none-eabi-gcc/13.2.1-1.1.1/.content/bin/../lib/gcc/arm-none-eabi/13.2.1/../../../../arm-none-eabi/lib/thumb/v7e-m+fp/softfp\libg_nano.a(libc_a-printf.o)
 .ARM.attributes
                0x00000620       0x32 C:/Users/Boutros/AppData/Roaming/xPacks/@xpack-dev-tools/arm-none-eabi-gcc/13.2.1-1.1.1/.content/bin/../lib/gcc/arm-none-eabi/13.2.1/../../../../arm-none-eabi/lib/thumb/v7e-m+fp/softfp\libg_nano.a(libc_a-puts.o)
 .ARM.attributes
                0x00000652       0x32 C:/Users/Boutros/AppData/Roaming/xPacks/@xpack-dev-tools/arm-none-eabi-gcc/13.2.1-1.1.1/.content/bin/../lib/gcc/arm-none-eabi/13.2.1/../../../../arm-none-eabi/lib/thumb/v7e-m+fp/softfp\libg_nano.a(libc_a-snprintf.o)
 .ARM.attributes
                0x00000684       0x32 C:/Users/Boutros/AppData/Roaming/xPacks/@xpack-dev-tools/arm-none-eabi-gcc/13.2.1-1.1.1/.content/bin/../lib/gcc/arm-none-eabi/13.2.1/../../../../arm-none-eabi/lib/thumb/v7e-m+fp/softfp\libg_nano.a(libc_a-stdio.o)
 .ARM.attributes
                0x000006b6       0x32 C:/Users/Boutros/AppData/Roaming/xPacks/@xpack-dev-tools/arm-none-eabi-gcc/13.2.1-1.1.1/.content/bin/../lib/gcc/arm-none-eabi/13.2.1/../../../../arm-none-eabi/lib/thumb/v7e-m+fp/softfp\libg_nano.a(libc_a-vsnprintf.o)
 .ARM.attributes
                0x000006e8       0x32 C:/Users/Boutros/AppData/Roaming/xPacks/@xpack-dev-tools/arm-none-eabi-gcc/13.2.1-1.1.1/.content/bin/../lib/gcc/arm-none-eabi/13.2.1/../../../../arm-none-eabi/lib/thumb/v7e-m+fp/softfp\libg_nano.a(libc_a-wbuf.o)
 .ARM.attributes
                0x0000071a       0x32 C:/Users/Boutros/AppData/Roaming/xPacks/@xpack-dev-tools/arm-none-eabi-gcc/13.2.1-1.1.1/.content/bin/../lib/gcc/arm-none-eabi/13.2.1/../../../../arm-none-eabi/lib/thumb/v7e-m+fp/softfp\libg_nano.a(libc_a-wsetup.o)
 .ARM.attributes
                0x0000074c       0x32 C:/Users/Boutros/AppData/Roaming/xPacks/@xpack-dev-tools/arm-none-eabi-gcc/13.2.1-1.1.1/.content/bin/../lib/gcc/arm-none-eabi/13.2.1/../../../../arm-none-eabi/lib/thumb/v7e-m+fp/softfp\libg_nano.a(libc_a-memset.o)
 .ARM.attributes
                0x0000077e       0x32 C:/Users/Boutros/AppData/Roaming/xPacks/@xpack-dev-tools/arm-none-eabi-gcc/13.2.1-1.1.1/.content/bin/../lib/gcc/arm-none-eabi/13.2.1/../../../../arm-none-eabi/lib/thumb/v7e-m+fp/softfp\libg_nano.a(libc_a-time.o)
 .ARM.attributes
                0x000007b0       0x32 C:/Users/Boutros/AppData/Roaming/xPacks/@xpack-dev-tools/arm-none-eabi-gcc/13.2.1-1.1.1/.content/bin/../lib/gcc/arm-none-eabi/13.2.1/../../../../arm-none-eabi/lib/thumb/v7e-m+fp/softfp\libg_nano.a(libc_a-closer.o)
 .ARM.attributes
                0x000007e2       0x32 C:/Users/Boutros/AppData/Roaming/xPacks/@xpack-dev-tools/arm-none-eabi-gcc/13.2.1-1.1.1/.content/bin/../lib/gcc/arm-none-eabi/13.2.1/../../../../arm-none-eabi/lib/thumb/v7e-m+fp/softfp\libg_nano.a(libc_a-impure.o)
 .ARM.attributes
                0x00000814       0x32 C:/Users/Boutros/AppData/Roaming/xPacks/@xpack-dev-tools/arm-none-eabi-gcc/13.2.1-1.1.1/.content/bin/../lib/gcc/arm-none-eabi/13.2.1/../../../../arm-none-eabi/lib/thumb/v7e-m+fp/softfp\libg_nano.a(libc_a-gettimeofdayr.o)
 .ARM.attributes
                0x00000846       0x32 C:/Users/Boutros/AppData/Roaming/xPacks/@xpack-dev-tools/arm-none-eabi-gcc/13.2.1-1.1.1/.content/bin/../lib/gcc/arm-none-eabi/13.2.1/../../../../arm-none-eabi/lib/thumb/v7e-m+fp/softfp\libg_nano.a(libc_a-lseekr.o)
 .ARM.attributes
                0x00000878       0x32 C:/Users/Boutros/AppData/Roaming/xPacks/@xpack-dev-tools/arm-none-eabi-gcc/13.2.1-1.1.1/.content/bin/../lib/gcc/arm-none-eabi/13.2.1/../../../../arm-none-eabi/lib/thumb/v7e-m+fp/softfp\libg_nano.a(libc_a-readr.o)
 .ARM.attributes
                0x000008aa       0x32 C:/Users/Boutros/AppData/Roaming/xPacks/@xpack-dev-tools/arm-none-eabi-gcc/13.2.1-1.1.1/.content/bin/../lib/gcc/arm-none-eabi/13.2.1/../../../../arm-none-eabi/lib/thumb/v7e-m+fp/softfp\libg_nano.a(libc_a-writer.o)
 .ARM.attributes
                0x000008dc       0x32 C:/Users/Boutros/AppData/Roaming/xPacks/@xpack-dev-tools/arm-none-eabi-gcc/13.2.1-1.1.1/.content/bin/../lib/gcc/arm-none-eabi/13.2.1/../../../../arm-none-eabi/lib/thumb/v7e-m+fp/softfp\libg_nano.a(libc_a-errno.o)
 .ARM.attributes
                0x0000090e       0x32 C:/Users/Boutros/AppData/Roaming/xPacks/@xpack-dev-tools/arm-none-eabi-gcc/13.2.1-1.1.1/.content/bin/../lib/gcc/arm-none-eabi/13.2.1/../../../../arm-none-eabi/lib/thumb/v7e-m+fp/softfp\libg_nano.a(libc_a-lock.o)
 .ARM.attributes
                0x00000940       0x20 C:/Users/Boutros/AppData/Roaming/xPacks/@xpack-dev-tools/arm-none-eabi-gcc/13.2.1-1.1.1/.content/bin/../lib/gcc/arm-none-eabi/13.2.1/../../../../arm-none-eabi/lib/thumb/v7e-m+fp/softfp\libg_nano.a(libc_a-strcmp.o)
 .ARM.attributes
                0x00000960       0x32 C:/Users/Boutros/AppData/Roaming/xPacks/@xpack-dev-tools/arm-none-eabi-gcc/13.2.1-1.1.1/.content/bin/../lib/gcc/arm-none-eabi/13.2.1/../../../../arm-none-eabi/lib/thumb/v7e-m+fp/softfp\libg_nano.a(libc_a-memcpy-stub.o)
 .ARM.attributes
                0x00000992       0x17 C:/Users/Boutros/AppData/Roaming/xPacks/@xpack-dev-tools/arm-none-eabi-gcc/13.2.1-1.1.1/.content/bin/../lib/gcc/arm-none-eabi/13.2.1/../../../../arm-none-eabi/lib/thumb/v7e-m+fp/softfp\libg_nano.a(libc_a-strlen.o)
 .ARM.attributes
                0x000009a9       0x32 C:/Users/Boutros/AppData/Roaming/xPacks/@xpack-dev-tools/arm-none-eabi-gcc/13.2.1-1.1.1/.content/bin/../lib/gcc/arm-none-eabi/13.2.1/../../../../arm-none-eabi/lib/thumb/v7e-m+fp/softfp\libg_nano.a(libc_a-freer.o)
 .ARM.attributes
                0x000009db       0x32 C:/Users/Boutros/AppData/Roaming/xPacks/@xpack-dev-tools/arm-none-eabi-gcc/13.2.1-1.1.1/.content/bin/../lib/gcc/arm-none-eabi/13.2.1/../../../../arm-none-eabi/lib/thumb/v7e-m+fp/softfp\libg_nano.a(libc_a-malloc.o)
 .ARM.attributes
                0x00000a0d       0x32 C:/Users/Boutros/AppData/Roaming/xPacks/@xpack-dev-tools/arm-none-eabi-gcc/13.2.1-1.1.1/.content/bin/../lib/gcc/arm-none-eabi/13.2.1/../../../../arm-none-eabi/lib/thumb/v7e-m+fp/softfp\libg_nano.a(libc_a-mallocr.o)
 .ARM.attributes
                0x00000a3f       0x32 C:/Users/Boutros/AppData/Roaming/xPacks/@xpack-dev-tools/arm-none-eabi-gcc/13.2.1-1.1.1/.content/bin/../lib/gcc/arm-none-eabi/13.2.1/../../../../arm-none-eabi/lib/thumb/v7e-m+fp/softfp\libg_nano.a(libc_a-mlock.o)
 .ARM.attributes
                0x00000a71       0x32 C:/Users/Boutros/AppData/Roaming/xPacks/@xpack-dev-tools/arm-none-eabi-gcc/13.2.1-1.1.1/.content/bin/../lib/gcc/arm-none-eabi/13.2.1/../../../../arm-none-eabi/lib/thumb/v7e-m+fp/softfp\libg_nano.a(libc_a-nano-svfprintf.o)
 .ARM.attributes
                0x00000aa3       0x32 C:/Users/Boutros/AppData/Roaming/xPacks/@xpack-dev-tools/arm-none-eabi-gcc/13.2.1-1.1.1/.content/bin/../lib/gcc/arm-none-eabi/13.2.1/../../../../arm-none-eabi/lib/thumb/v7e-m+fp/softfp\libg_nano.a(libc_a-nano-vfprintf.o)
 .ARM.attributes
                0x00000ad5       0x32 C:/Users/Boutros/AppData/Roaming/xPacks/@xpack-dev-tools/arm-none-eabi-gcc/13.2.1-1.1.1/.content/bin/../lib/gcc/arm-none-eabi/13.2.1/../../../../arm-none-eabi/lib/thumb/v7e-m+fp/softfp\libg_nano.a(libc_a-nano-vfprintf_i.o)
 .ARM.attributes
                0x00000b07       0x32 C:/Users/Boutros/AppData/Roaming/xPacks/@xpack-dev-tools/arm-none-eabi-gcc/13.2.1-1.1.1/.content/bin/../lib/gcc/arm-none-eabi/13.2.1/../../../../arm-none-eabi/lib/thumb/v7e-m+fp/softfp\libg_nano.a(libc_a-fflush.o)
 .ARM.attributes